../Libs/tinyusb-master/src/class/hid/hid_host.c:87:16:get_idx_by_epaddr	24	static
../Libs/tinyusb-master/src/class/hid/hid_host.c:98:26:find_new_itf	16	static
../Libs/tinyusb-master/src/class/hid/hid_host.c:108:9:tuh_hid_itf_get_count	24	static
../Libs/tinyusb-master/src/class/hid/hid_host.c:116:9:tuh_hid_itf_get_total_count	16	static
../Libs/tinyusb-master/src/class/hid/hid_host.c:124:6:tuh_hid_mounted	32	static,ignoring_inline_asm
../Libs/tinyusb-master/src/class/hid/hid_host.c:130:6:tuh_hid_itf_get_info	40	static,ignoring_inline_asm
../Libs/tinyusb-master/src/class/hid/hid_host.c:152:9:tuh_hid_itf_get_index	24	static
../Libs/tinyusb-master/src/class/hid/hid_host.c:161:9:tuh_hid_interface_protocol	32	static,ignoring_inline_asm
../Libs/tinyusb-master/src/class/hid/hid_host.c:169:9:tuh_hid_get_protocol	32	static,ignoring_inline_asm
../Libs/tinyusb-master/src/class/hid/hid_host.c:174:13:set_protocol_complete	40	static,ignoring_inline_asm
../Libs/tinyusb-master/src/class/hid/hid_host.c:191:6:tuh_hid_set_default_protocol	16	static
../Libs/tinyusb-master/src/class/hid/hid_host.c:195:13:_hidh_set_protocol	48	static
../Libs/tinyusb-master/src/class/hid/hid_host.c:223:6:tuh_hid_set_protocol	40	static,ignoring_inline_asm
../Libs/tinyusb-master/src/class/hid/hid_host.c:230:13:get_report_complete	40	static
../Libs/tinyusb-master/src/class/hid/hid_host.c:245:6:tuh_hid_get_report	80	static,ignoring_inline_asm
../Libs/tinyusb-master/src/class/hid/hid_host.c:274:13:set_report_complete	40	static
../Libs/tinyusb-master/src/class/hid/hid_host.c:289:6:tuh_hid_set_report	80	static,ignoring_inline_asm
../Libs/tinyusb-master/src/class/hid/hid_host.c:318:13:_hidh_set_idle	48	static
../Libs/tinyusb-master/src/class/hid/hid_host.c:352:6:tuh_hid_receive_ready	32	static,ignoring_inline_asm
../Libs/tinyusb-master/src/class/hid/hid_host.c:358:6:tuh_hid_receive_report	56	static,ignoring_inline_asm
../Libs/tinyusb-master/src/class/hid/hid_host.c:373:6:tuh_hid_receive_abort	32	static,ignoring_inline_asm
../Libs/tinyusb-master/src/class/hid/hid_host.c:379:6:tuh_hid_send_ready	32	static,ignoring_inline_asm
../Libs/tinyusb-master/src/class/hid/hid_host.c:385:6:tuh_hid_send_report	56	static,ignoring_inline_asm
../Libs/tinyusb-master/src/class/hid/hid_host.c:426:6:hidh_init	8	static
../Libs/tinyusb-master/src/class/hid/hid_host.c:432:6:hidh_deinit	4	static
../Libs/tinyusb-master/src/class/hid/hid_host.c:436:6:hidh_xfer_cb	48	static,ignoring_inline_asm
../Libs/tinyusb-master/src/class/hid/hid_host.c:459:6:hidh_close	24	static
../Libs/tinyusb-master/src/class/hid/hid_host.c:476:6:hidh_open	104	static,ignoring_inline_asm
../Libs/tinyusb-master/src/class/hid/hid_host.c:547:6:hidh_set_config	48	static
../Libs/tinyusb-master/src/class/hid/hid_host.c:563:13:process_set_config	80	static,ignoring_inline_asm
../Libs/tinyusb-master/src/class/hid/hid_host.c:621:13:config_driver_mount_complete	32	static,ignoring_inline_asm
../Libs/tinyusb-master/src/class/hid/hid_host.c:637:9:tuh_hid_parse_report_descriptor	48	static
