Archive member included to satisfy reference by file (symbol)

/Applications/STM32CubeIDE.app/Contents/Eclipse/plugins/com.st.stm32cube.ide.mcu.externaltools.gnu-tools-for-stm32.13.3.rel1.macos64_1.0.0.202411102158/tools/bin/../lib/gcc/arm-none-eabi/13.3.1/../../../../arm-none-eabi/lib/thumb/v7e-m+fp/hard/libc_nano.a(libc_a-exit.o)
                              /Applications/STM32CubeIDE.app/Contents/Eclipse/plugins/com.st.stm32cube.ide.mcu.externaltools.gnu-tools-for-stm32.13.3.rel1.macos64_1.0.0.202411102158/tools/bin/../lib/gcc/arm-none-eabi/13.3.1/../../../../arm-none-eabi/lib/thumb/v7e-m+fp/hard/crt0.o (exit)
/Applications/STM32CubeIDE.app/Contents/Eclipse/plugins/com.st.stm32cube.ide.mcu.externaltools.gnu-tools-for-stm32.13.3.rel1.macos64_1.0.0.202411102158/tools/bin/../lib/gcc/arm-none-eabi/13.3.1/../../../../arm-none-eabi/lib/thumb/v7e-m+fp/hard/libc_nano.a(libc_a-findfp.o)
                              /Applications/STM32CubeIDE.app/Contents/Eclipse/plugins/com.st.stm32cube.ide.mcu.externaltools.gnu-tools-for-stm32.13.3.rel1.macos64_1.0.0.202411102158/tools/bin/../lib/gcc/arm-none-eabi/13.3.1/../../../../arm-none-eabi/lib/thumb/v7e-m+fp/hard/libc_nano.a(libc_a-exit.o) (__stdio_exit_handler)
/Applications/STM32CubeIDE.app/Contents/Eclipse/plugins/com.st.stm32cube.ide.mcu.externaltools.gnu-tools-for-stm32.13.3.rel1.macos64_1.0.0.202411102158/tools/bin/../lib/gcc/arm-none-eabi/13.3.1/../../../../arm-none-eabi/lib/thumb/v7e-m+fp/hard/libc_nano.a(libc_a-fwalk.o)
                              /Applications/STM32CubeIDE.app/Contents/Eclipse/plugins/com.st.stm32cube.ide.mcu.externaltools.gnu-tools-for-stm32.13.3.rel1.macos64_1.0.0.202411102158/tools/bin/../lib/gcc/arm-none-eabi/13.3.1/../../../../arm-none-eabi/lib/thumb/v7e-m+fp/hard/libc_nano.a(libc_a-findfp.o) (_fwalk_sglue)
/Applications/STM32CubeIDE.app/Contents/Eclipse/plugins/com.st.stm32cube.ide.mcu.externaltools.gnu-tools-for-stm32.13.3.rel1.macos64_1.0.0.202411102158/tools/bin/../lib/gcc/arm-none-eabi/13.3.1/../../../../arm-none-eabi/lib/thumb/v7e-m+fp/hard/libc_nano.a(libc_a-memset.o)
                              /Applications/STM32CubeIDE.app/Contents/Eclipse/plugins/com.st.stm32cube.ide.mcu.externaltools.gnu-tools-for-stm32.13.3.rel1.macos64_1.0.0.202411102158/tools/bin/../lib/gcc/arm-none-eabi/13.3.1/../../../../arm-none-eabi/lib/thumb/v7e-m+fp/hard/crt0.o (memset)
/Applications/STM32CubeIDE.app/Contents/Eclipse/plugins/com.st.stm32cube.ide.mcu.externaltools.gnu-tools-for-stm32.13.3.rel1.macos64_1.0.0.202411102158/tools/bin/../lib/gcc/arm-none-eabi/13.3.1/../../../../arm-none-eabi/lib/thumb/v7e-m+fp/hard/libc_nano.a(libc_a-errno.o)
                              ./Core/Src/syscalls.o (__errno)
/Applications/STM32CubeIDE.app/Contents/Eclipse/plugins/com.st.stm32cube.ide.mcu.externaltools.gnu-tools-for-stm32.13.3.rel1.macos64_1.0.0.202411102158/tools/bin/../lib/gcc/arm-none-eabi/13.3.1/../../../../arm-none-eabi/lib/thumb/v7e-m+fp/hard/libc_nano.a(libc_a-init.o)
                              /Applications/STM32CubeIDE.app/Contents/Eclipse/plugins/com.st.stm32cube.ide.mcu.externaltools.gnu-tools-for-stm32.13.3.rel1.macos64_1.0.0.202411102158/tools/bin/../lib/gcc/arm-none-eabi/13.3.1/../../../../arm-none-eabi/lib/thumb/v7e-m+fp/hard/crt0.o (__libc_init_array)
/Applications/STM32CubeIDE.app/Contents/Eclipse/plugins/com.st.stm32cube.ide.mcu.externaltools.gnu-tools-for-stm32.13.3.rel1.macos64_1.0.0.202411102158/tools/bin/../lib/gcc/arm-none-eabi/13.3.1/../../../../arm-none-eabi/lib/thumb/v7e-m+fp/hard/libc_nano.a(libc_a-lock.o)
                              /Applications/STM32CubeIDE.app/Contents/Eclipse/plugins/com.st.stm32cube.ide.mcu.externaltools.gnu-tools-for-stm32.13.3.rel1.macos64_1.0.0.202411102158/tools/bin/../lib/gcc/arm-none-eabi/13.3.1/../../../../arm-none-eabi/lib/thumb/v7e-m+fp/hard/libc_nano.a(libc_a-findfp.o) (__retarget_lock_init_recursive)
/Applications/STM32CubeIDE.app/Contents/Eclipse/plugins/com.st.stm32cube.ide.mcu.externaltools.gnu-tools-for-stm32.13.3.rel1.macos64_1.0.0.202411102158/tools/bin/../lib/gcc/arm-none-eabi/13.3.1/../../../../arm-none-eabi/lib/thumb/v7e-m+fp/hard/libc_nano.a(libc_a-impure.o)
                              /Applications/STM32CubeIDE.app/Contents/Eclipse/plugins/com.st.stm32cube.ide.mcu.externaltools.gnu-tools-for-stm32.13.3.rel1.macos64_1.0.0.202411102158/tools/bin/../lib/gcc/arm-none-eabi/13.3.1/../../../../arm-none-eabi/lib/thumb/v7e-m+fp/hard/libc_nano.a(libc_a-errno.o) (_impure_ptr)
/Applications/STM32CubeIDE.app/Contents/Eclipse/plugins/com.st.stm32cube.ide.mcu.externaltools.gnu-tools-for-stm32.13.3.rel1.macos64_1.0.0.202411102158/tools/bin/../lib/gcc/arm-none-eabi/13.3.1/../../../../arm-none-eabi/lib/thumb/v7e-m+fp/hard/libc_nano.a(libc_a-memcpy-stub.o)
                              ./Core/Src/hid.o (memcpy)
[...]
Memory Configuration

Name             Origin             Length             Attributes
RAM              0x20000000         0x00020000         xrw
FLASH            0x08000000         0x00080000         xr
*default*        0x00000000         0xffffffff

Linker script and memory map

LOAD /Applications/STM32CubeIDE.app/Contents/Eclipse/plugins/com.st.stm32cube.ide.mcu.externaltools.gnu-tools-for-stm32.13.3.rel1.macos64_1.0.0.202411102158/tools/bin/../lib/gcc/arm-none-eabi/13.3.1/thumb/v7e-m+fp/hard/crti.o
LOAD /Applications/STM32CubeIDE.app/Contents/Eclipse/plugins/com.st.stm32cube.ide.mcu.externaltools.gnu-tools-for-stm32.13.3.rel1.macos64_1.0.0.202411102158/tools/bin/../lib/gcc/arm-none-eabi/13.3.1/thumb/v7e-m+fp/hard/crtbegin.o
LOAD /Applications/STM32CubeIDE.app/Contents/Eclipse/plugins/com.st.stm32cube.ide.mcu.externaltools.gnu-tools-for-stm32.13.3.rel1.macos64_1.0.0.202411102158/tools/bin/../lib/gcc/arm-none-eabi/13.3.1/../../../../arm-none-eabi/lib/thumb/v7e-m+fp/hard/crt0.o
LOAD ./Core/Src/hid.o
LOAD ./Core/Src/main.o
LOAD ./Core/Src/manchester.o
LOAD ./Core/Src/stm32f4xx_hal_msp.o
LOAD ./Core/Src/stm32f4xx_it.o
LOAD ./Core/Src/syscalls.o
LOAD ./Core/Src/sysmem.o
LOAD ./Core/Src/system_stm32f4xx.o
LOAD ./Core/Startup/startup_stm32f446retx.o
LOAD ./Drivers/STM32F4xx_HAL_Driver/Src/stm32f4xx_hal.o
LOAD ./Drivers/STM32F4xx_HAL_Driver/Src/stm32f4xx_hal_cortex.o
LOAD ./Drivers/STM32F4xx_HAL_Driver/Src/stm32f4xx_hal_dma.o
LOAD ./Drivers/STM32F4xx_HAL_Driver/Src/stm32f4xx_hal_dma_ex.o
LOAD ./Drivers/STM32F4xx_HAL_Driver/Src/stm32f4xx_hal_exti.o
LOAD ./Drivers/STM32F4xx_HAL_Driver/Src/stm32f4xx_hal_flash.o
LOAD ./Drivers/STM32F4xx_HAL_Driver/Src/stm32f4xx_hal_flash_ex.o
LOAD ./Drivers/STM32F4xx_HAL_Driver/Src/stm32f4xx_hal_flash_ramfunc.o
LOAD ./Drivers/STM32F4xx_HAL_Driver/Src/stm32f4xx_hal_gpio.o
LOAD ./Drivers/STM32F4xx_HAL_Driver/Src/stm32f4xx_hal_hcd.o
LOAD ./Drivers/STM32F4xx_HAL_Driver/Src/stm32f4xx_hal_pwr.o
LOAD ./Drivers/STM32F4xx_HAL_Driver/Src/stm32f4xx_hal_pwr_ex.o
LOAD ./Drivers/STM32F4xx_HAL_Driver/Src/stm32f4xx_hal_rcc.o
LOAD ./Drivers/STM32F4xx_HAL_Driver/Src/stm32f4xx_hal_rcc_ex.o
LOAD ./Drivers/STM32F4xx_HAL_Driver/Src/stm32f4xx_hal_tim.o
LOAD ./Drivers/STM32F4xx_HAL_Driver/Src/stm32f4xx_hal_tim_ex.o
LOAD ./Drivers/STM32F4xx_HAL_Driver/Src/stm32f4xx_ll_usb.o
LOAD ./Libs/tinyusb-master/src/class/audio/audio_device.o
LOAD ./Libs/tinyusb-master/src/class/bth/bth_device.o
LOAD ./Libs/tinyusb-master/src/class/cdc/cdc_device.o
LOAD ./Libs/tinyusb-master/src/class/cdc/cdc_host.o
LOAD ./Libs/tinyusb-master/src/class/cdc/cdc_rndis_host.o
LOAD ./Libs/tinyusb-master/src/class/dfu/dfu_device.o
LOAD ./Libs/tinyusb-master/src/class/dfu/dfu_rt_device.o
LOAD ./Libs/tinyusb-master/src/class/hid/hid_device.o
LOAD ./Libs/tinyusb-master/src/class/hid/hid_host.o
LOAD ./Libs/tinyusb-master/src/class/midi/midi_device.o
LOAD ./Libs/tinyusb-master/src/class/midi/midi_host.o
LOAD ./Libs/tinyusb-master/src/class/msc/msc_device.o
LOAD ./Libs/tinyusb-master/src/class/msc/msc_host.o
LOAD ./Libs/tinyusb-master/src/class/net/ecm_rndis_device.o
LOAD ./Libs/tinyusb-master/src/class/net/ncm_device.o
LOAD ./Libs/tinyusb-master/src/class/usbtmc/usbtmc_device.o
LOAD ./Libs/tinyusb-master/src/class/vendor/vendor_device.o
LOAD ./Libs/tinyusb-master/src/class/vendor/vendor_host.o
LOAD ./Libs/tinyusb-master/src/class/video/video_device.o
LOAD ./Libs/tinyusb-master/src/common/tusb_fifo.o
LOAD ./Libs/tinyusb-master/src/device/usbd.o
LOAD ./Libs/tinyusb-master/src/device/usbd_control.o
LOAD ./Libs/tinyusb-master/src/host/hub.o
LOAD ./Libs/tinyusb-master/src/host/usbh.o
LOAD ./Libs/tinyusb-master/src/portable/analog/max3421/hcd_max3421.o
LOAD ./Libs/tinyusb-master/src/portable/bridgetek/ft9xx/dcd_ft9xx.o
LOAD ./Libs/tinyusb-master/src/portable/chipidea/ci_fs/dcd_ci_fs.o
LOAD ./Libs/tinyusb-master/src/portable/chipidea/ci_hs/dcd_ci_hs.o
LOAD ./Libs/tinyusb-master/src/portable/chipidea/ci_hs/hcd_ci_hs.o
LOAD ./Libs/tinyusb-master/src/portable/dialog/da146xx/dcd_da146xx.o
LOAD ./Libs/tinyusb-master/src/portable/ehci/ehci.o
LOAD ./Libs/tinyusb-master/src/portable/espressif/esp32sx/dcd_esp32sx.o
LOAD ./Libs/tinyusb-master/src/portable/mentor/musb/dcd_musb.o
LOAD ./Libs/tinyusb-master/src/portable/mentor/musb/hcd_musb.o
LOAD ./Libs/tinyusb-master/src/portable/microchip/pic/dcd_pic.o
LOAD ./Libs/tinyusb-master/src/portable/microchip/pic32mz/dcd_pic32mz.o
LOAD ./Libs/tinyusb-master/src/portable/microchip/samd/dcd_samd.o
LOAD ./Libs/tinyusb-master/src/portable/microchip/samd/hcd_samd.o
LOAD ./Libs/tinyusb-master/src/portable/microchip/samg/dcd_samg.o
LOAD ./Libs/tinyusb-master/src/portable/microchip/samx7x/dcd_samx7x.o
LOAD ./Libs/tinyusb-master/src/portable/mindmotion/mm32/dcd_mm32f327x_otg.o
LOAD ./Libs/tinyusb-master/src/portable/nordic/nrf5x/dcd_nrf5x.o
LOAD ./Libs/tinyusb-master/src/portable/nuvoton/nuc120/dcd_nuc120.o
LOAD ./Libs/tinyusb-master/src/portable/nuvoton/nuc121/dcd_nuc121.o
LOAD ./Libs/tinyusb-master/src/portable/nuvoton/nuc505/dcd_nuc505.o
LOAD ./Libs/tinyusb-master/src/portable/nxp/khci/dcd_khci.o
LOAD ./Libs/tinyusb-master/src/portable/nxp/khci/hcd_khci.o
LOAD ./Libs/tinyusb-master/src/portable/nxp/lpc17_40/dcd_lpc17_40.o
LOAD ./Libs/tinyusb-master/src/portable/nxp/lpc17_40/hcd_lpc17_40.o
LOAD ./Libs/tinyusb-master/src/portable/nxp/lpc_ip3511/dcd_lpc_ip3511.o
LOAD ./Libs/tinyusb-master/src/portable/ohci/ohci.o
LOAD ./Libs/tinyusb-master/src/portable/raspberrypi/pio_usb/dcd_pio_usb.o
LOAD ./Libs/tinyusb-master/src/portable/raspberrypi/pio_usb/hcd_pio_usb.o
LOAD ./Libs/tinyusb-master/src/portable/raspberrypi/rp2040/dcd_rp2040.o
LOAD ./Libs/tinyusb-master/src/portable/raspberrypi/rp2040/hcd_rp2040.o
LOAD ./Libs/tinyusb-master/src/portable/raspberrypi/rp2040/rp2040_usb.o
LOAD ./Libs/tinyusb-master/src/portable/renesas/rusb2/dcd_rusb2.o
LOAD ./Libs/tinyusb-master/src/portable/renesas/rusb2/hcd_rusb2.o
LOAD ./Libs/tinyusb-master/src/portable/renesas/rusb2/rusb2_common.o
LOAD ./Libs/tinyusb-master/src/portable/sony/cxd56/dcd_cxd56.o
LOAD ./Libs/tinyusb-master/src/portable/st/stm32_fsdev/dcd_stm32_fsdev.o
LOAD ./Libs/tinyusb-master/src/portable/st/typec/typec_stm32.o
LOAD ./Libs/tinyusb-master/src/portable/sunxi/dcd_sunxi_musb.o
LOAD ./Libs/tinyusb-master/src/portable/synopsys/dwc2/dcd_dwc2.o
LOAD ./Libs/tinyusb-master/src/portable/synopsys/dwc2/dwc2_common.o
LOAD ./Libs/tinyusb-master/src/portable/synopsys/dwc2/hcd_dwc2.o
LOAD ./Libs/tinyusb-master/src/portable/template/dcd_template.o
LOAD ./Libs/tinyusb-master/src/portable/template/hcd_template.o
LOAD ./Libs/tinyusb-master/src/portable/ti/msp430x5xx/dcd_msp430x5xx.o
LOAD ./Libs/tinyusb-master/src/portable/valentyusb/eptri/dcd_eptri.o
LOAD ./Libs/tinyusb-master/src/portable/wch/dcd_ch32_usbfs.o
LOAD ./Libs/tinyusb-master/src/portable/wch/dcd_ch32_usbhs.o
LOAD ./Libs/tinyusb-master/src/portable/wch/hcd_ch32_usbfs.o
LOAD ./Libs/tinyusb-master/src/tusb.o
LOAD ./Libs/tinyusb-master/src/typec/usbc.o
START GROUP
LOAD /Applications/STM32CubeIDE.app/Contents/Eclipse/plugins/com.st.stm32cube.ide.mcu.externaltools.gnu-tools-for-stm32.13.3.rel1.macos64_1.0.0.202411102158/tools/bin/../lib/gcc/arm-none-eabi/13.3.1/../../../../arm-none-eabi/lib/thumb/v7e-m+fp/hard/libc_nano.a
LOAD /Applications/STM32CubeIDE.app/Contents/Eclipse/plugins/com.st.stm32cube.ide.mcu.externaltools.gnu-tools-for-stm32.13.3.rel1.macos64_1.0.0.202411102158/tools/bin/../lib/gcc/arm-none-eabi/13.3.1/../../../../arm-none-eabi/lib/thumb/v7e-m+fp/hard/libm.a
END GROUP
START GROUP
LOAD /Applications/STM32CubeIDE.app/Contents/Eclipse/plugins/com.st.stm32cube.ide.mcu.externaltools.gnu-tools-for-stm32.13.3.rel1.macos64_1.0.0.202411102158/tools/bin/../lib/gcc/arm-none-eabi/13.3.1/thumb/v7e-m+fp/hard/libgcc.a
LOAD /Applications/STM32CubeIDE.app/Contents/Eclipse/plugins/com.st.stm32cube.ide.mcu.externaltools.gnu-tools-for-stm32.13.3.rel1.macos64_1.0.0.202411102158/tools/bin/../lib/gcc/arm-none-eabi/13.3.1/../../../../arm-none-eabi/lib/thumb/v7e-m+fp/hard/libc_nano.a
END GROUP
START GROUP
LOAD /Applications/STM32CubeIDE.app/Contents/Eclipse/plugins/com.st.stm32cube.ide.mcu.externaltools.gnu-tools-for-stm32.13.3.rel1.macos64_1.0.0.202411102158/tools/bin/../lib/gcc/arm-none-eabi/13.3.1/thumb/v7e-m+fp/hard/libgcc.a
LOAD /Applications/STM32CubeIDE.app/Contents/Eclipse/plugins/com.st.stm32cube.ide.mcu.externaltools.gnu-tools-for-stm32.13.3.rel1.macos64_1.0.0.202411102158/tools/bin/../lib/gcc/arm-none-eabi/13.3.1/../../../../arm-none-eabi/lib/thumb/v7e-m+fp/hard/libc_nano.a
LOAD /Applications/STM32CubeIDE.app/Contents/Eclipse/plugins/com.st.stm32cube.ide.mcu.externaltools.gnu-tools-for-stm32.13.3.rel1.macos64_1.0.0.202411102158/tools/bin/../lib/gcc/arm-none-eabi/13.3.1/../../../../arm-none-eabi/lib/thumb/v7e-m+fp/hard/libnosys.a
END GROUP
START GROUP
LOAD /Applications/STM32CubeIDE.app/Contents/Eclipse/plugins/com.st.stm32cube.ide.mcu.externaltools.gnu-tools-for-stm32.13.3.rel1.macos64_1.0.0.202411102158/tools/bin/../lib/gcc/arm-none-eabi/13.3.1/thumb/v7e-m+fp/hard/libgcc.a
LOAD /Applications/STM32CubeIDE.app/Contents/Eclipse/plugins/com.st.stm32cube.ide.mcu.externaltools.gnu-tools-for-stm32.13.3.rel1.macos64_1.0.0.202411102158/tools/bin/../lib/gcc/arm-none-eabi/13.3.1/../../../../arm-none-eabi/lib/thumb/v7e-m+fp/hard/libc_nano.a
LOAD /Applications/STM32CubeIDE.app/Contents/Eclipse/plugins/com.st.stm32cube.ide.mcu.externaltools.gnu-tools-for-stm32.13.3.rel1.macos64_1.0.0.202411102158/tools/bin/../lib/gcc/arm-none-eabi/13.3.1/../../../../arm-none-eabi/lib/thumb/v7e-m+fp/hard/libnosys.a
END GROUP
LOAD /Applications/STM32CubeIDE.app/Contents/Eclipse/plugins/com.st.stm32cube.ide.mcu.externaltools.gnu-tools-for-stm32.13.3.rel1.macos64_1.0.0.202411102158/tools/bin/../lib/gcc/arm-none-eabi/13.3.1/thumb/v7e-m+fp/hard/crtend.o
LOAD /Applications/STM32CubeIDE.app/Contents/Eclipse/plugins/com.st.stm32cube.ide.mcu.externaltools.gnu-tools-for-stm32.13.3.rel1.macos64_1.0.0.202411102158/tools/bin/../lib/gcc/arm-none-eabi/13.3.1/thumb/v7e-m+fp/hard/crtn.o
                0x20020000                        _estack = (ORIGIN (RAM) + LENGTH (RAM))
                0x00000200                        _Min_Heap_Size = 0x200
                0x00000400                        _Min_Stack_Size = 0x400

.isr_vector     0x08000000      0x1c4
                0x08000000                        . = ALIGN (0x4)
 *(.isr_vector)
 .isr_vector    0x08000000      0x1c4 ./Core/Startup/startup_stm32f446retx.o
                0x08000000                g_pfnVectors
                0x080001c4                        . = ALIGN (0x4)

.text           0x080001c4     0x7f18
                0x080001c4                        . = ALIGN (0x4)
 *(.text)
 .text          0x080001c4       0x40 /Applications/STM32CubeIDE.app/Contents/Eclipse/plugins/com.st.stm32cube.ide.mcu.externaltools.gnu-tools-for-stm32.13.3.rel1.macos64_1.0.0.202411102158/tools/bin/../lib/gcc/arm-none-eabi/13.3.1/thumb/v7e-m+fp/hard/crtbegin.o
 .text          0x08000204       0x30 /Applications/STM32CubeIDE.app/Contents/Eclipse/plugins/com.st.stm32cube.ide.mcu.externaltools.gnu-tools-for-stm32.13.3.rel1.macos64_1.0.0.202411102158/tools/bin/../lib/gcc/arm-none-eabi/13.3.1/thumb/v7e-m+fp/hard/libgcc.a(_aeabi_uldivmod.o)
                0x08000204                __aeabi_uldivmod
 .text          0x08000234      0x2f8 /Applications/STM32CubeIDE.app/Contents/Eclipse/plugins/com.st.stm32cube.ide.mcu.externaltools.gnu-tools-for-stm32.13.3.rel1.macos64_1.0.0.202411102158/tools/bin/../lib/gcc/arm-none-eabi/13.3.1/thumb/v7e-m+fp/hard/libgcc.a(_udivmoddi4.o)
                0x08000234                __udivmoddi4
 .text          0x0800052c        0x4 /Applications/STM32CubeIDE.app/Contents/Eclipse/plugins/com.st.stm32cube.ide.mcu.externaltools.gnu-tools-for-stm32.13.3.rel1.macos64_1.0.0.202411102158/tools/bin/../lib/gcc/arm-none-eabi/13.3.1/thumb/v7e-m+fp/hard/libgcc.a(_dvmd_tls.o)
                0x0800052c                __aeabi_ldiv0
                0x0800052c                __aeabi_idiv0
 *(.text*)
 .text.tuh_hid_mount_cb
                0x08000530       0x2a ./Core/Src/hid.o
                0x08000530                tuh_hid_mount_cb
 .text.tuh_hid_umount_cb
                0x0800055a       0x1c ./Core/Src/hid.o
                0x0800055a                tuh_hid_umount_cb
 *fill*         0x08000576        0x2 
 .text.tuh_hid_report_received_cb
                0x08000578       0x48 ./Core/Src/hid.o
                0x08000578                tuh_hid_report_received_cb
 .text.hid_packet_create
                0x080005c0       0x2c ./Core/Src/hid.o
                0x080005c0                hid_packet_create
 .text.hid_queue_push
                0x080005ec       0x60 ./Core/Src/hid.o
                0x080005ec                hid_queue_push
 .text.main     0x0800064c       0x44 ./Core/Src/main.o
                0x0800064c                main
 .text.SystemClock_Config
                0x08000690       0xd8 ./Core/Src/main.o
                0x08000690                SystemClock_Config
 .text.MX_TIM2_Init
                0x08000768       0x98 ./Core/Src/main.o
 .text.MX_USB_OTG_FS_HCD_Init
                0x08000800       0x44 ./Core/Src/main.o
 .text.MX_DMA_Init
                0x08000844       0x40 ./Core/Src/main.o
 .text.MX_GPIO_Init
                0x08000884       0xfc ./Core/Src/main.o
 .text.Error_Handler
                0x08000980        0xc ./Core/Src/main.o
                0x08000980                Error_Handler
 .text.tusb_time_millis_api
                0x0800098c        0xe ./Core/Src/main.o
                0x0800098c                tusb_time_millis_api
 *fill*         0x0800099a        0x2 
 .text.HAL_MspInit
                0x0800099c       0x50 ./Core/Src/stm32f4xx_hal_msp.o
                0x0800099c                HAL_MspInit
 .text.HAL_TIM_Base_MspInit
                0x080009ec       0xb0 ./Core/Src/stm32f4xx_hal_msp.o
                0x080009ec                HAL_TIM_Base_MspInit
 .text.HAL_HCD_MspInit
                0x08000a9c       0xdc ./Core/Src/stm32f4xx_hal_msp.o
                0x08000a9c                HAL_HCD_MspInit
 .text.NMI_Handler
                0x08000b78        0x8 ./Core/Src/stm32f4xx_it.o
                0x08000b78                NMI_Handler
 .text.HardFault_Handler
                0x08000b80        0x8 ./Core/Src/stm32f4xx_it.o
                0x08000b80                HardFault_Handler
 .text.MemManage_Handler
                0x08000b88        0x8 ./Core/Src/stm32f4xx_it.o
                0x08000b88                MemManage_Handler
 .text.BusFault_Handler
                0x08000b90        0x8 ./Core/Src/stm32f4xx_it.o
                0x08000b90                BusFault_Handler
 .text.UsageFault_Handler
                0x08000b98        0x8 ./Core/Src/stm32f4xx_it.o
                0x08000b98                UsageFault_Handler
 .text.SVC_Handler
                0x08000ba0        0xe ./Core/Src/stm32f4xx_it.o
                0x08000ba0                SVC_Handler
 .text.DebugMon_Handler
                0x08000bae        0xe ./Core/Src/stm32f4xx_it.o
                0x08000bae                DebugMon_Handler
 .text.PendSV_Handler
                0x08000bbc        0xe ./Core/Src/stm32f4xx_it.o
                0x08000bbc                PendSV_Handler
 .text.SysTick_Handler
                0x08000bca        0xc ./Core/Src/stm32f4xx_it.o
                0x08000bca                SysTick_Handler
 *fill*         0x08000bd6        0x2 
 .text.DMA1_Stream1_IRQHandler
                0x08000bd8       0x14 ./Core/Src/stm32f4xx_it.o
                0x08000bd8                DMA1_Stream1_IRQHandler
 .text.OTG_FS_IRQHandler
                0x08000bec        0xe ./Core/Src/stm32f4xx_it.o
                0x08000bec                OTG_FS_IRQHandler
 *fill*         0x08000bfa        0x2 
 .text.SystemInit
                0x08000bfc       0x24 ./Core/Src/system_stm32f4xx.o
                0x08000bfc                SystemInit
 .text.Reset_Handler
                0x08000c20       0x50 ./Core/Startup/startup_stm32f446retx.o
                0x08000c20                Reset_Handler
 .text.Default_Handler
                0x08000c70        0x2 ./Core/Startup/startup_stm32f446retx.o
                0x08000c70                DMA1_Stream3_IRQHandler
                0x08000c70                EXTI2_IRQHandler
                0x08000c70                TIM8_CC_IRQHandler
                0x08000c70                FMPI2C1_EV_IRQHandler
                0x08000c70                SPI4_IRQHandler
                0x08000c70                TIM1_CC_IRQHandler
                0x08000c70                DMA2_Stream5_IRQHandler
                0x08000c70                DMA1_Stream5_IRQHandler
                0x08000c70                PVD_IRQHandler
                0x08000c70                SDIO_IRQHandler
                0x08000c70                TAMP_STAMP_IRQHandler
                0x08000c70                CAN2_RX1_IRQHandler
                0x08000c70                EXTI3_IRQHandler
                0x08000c70                TIM8_TRG_COM_TIM14_IRQHandler
                0x08000c70                TIM1_UP_TIM10_IRQHandler
                0x08000c70                TIM8_UP_TIM13_IRQHandler
                0x08000c70                I2C3_ER_IRQHandler
                0x08000c70                EXTI0_IRQHandler
                0x08000c70                I2C2_EV_IRQHandler
                0x08000c70                DMA1_Stream2_IRQHandler
                0x08000c70                CAN1_RX0_IRQHandler
                0x08000c70                FPU_IRQHandler
                0x08000c70                OTG_HS_WKUP_IRQHandler
                0x08000c70                CAN2_SCE_IRQHandler
                0x08000c70                DMA2_Stream2_IRQHandler
                0x08000c70                SPI1_IRQHandler
                0x08000c70                TIM6_DAC_IRQHandler
                0x08000c70                TIM1_BRK_TIM9_IRQHandler
                0x08000c70                DCMI_IRQHandler
                0x08000c70                CAN2_RX0_IRQHandler
                0x08000c70                DMA2_Stream3_IRQHandler
                0x08000c70                SAI2_IRQHandler
                0x08000c70                USART6_IRQHandler
                0x08000c70                USART3_IRQHandler
                0x08000c70                CAN1_RX1_IRQHandler
                0x08000c70                UART5_IRQHandler
                0x08000c70                DMA2_Stream0_IRQHandler
                0x08000c70                TIM4_IRQHandler
                0x08000c70                QUADSPI_IRQHandler
                0x08000c70                I2C1_EV_IRQHandler
                0x08000c70                DMA1_Stream6_IRQHandler
                0x08000c70                UART4_IRQHandler
                0x08000c70                TIM3_IRQHandler
                0x08000c70                RCC_IRQHandler
                0x08000c70                TIM8_BRK_TIM12_IRQHandler
                0x08000c70                Default_Handler
                0x08000c70                CEC_IRQHandler
                0x08000c70                EXTI15_10_IRQHandler
                0x08000c70                ADC_IRQHandler
                0x08000c70                DMA1_Stream7_IRQHandler
                0x08000c70                TIM7_IRQHandler
                0x08000c70                CAN2_TX_IRQHandler
                0x08000c70                TIM5_IRQHandler
                0x08000c70                DMA2_Stream7_IRQHandler
                0x08000c70                I2C3_EV_IRQHandler
                0x08000c70                EXTI9_5_IRQHandler
                0x08000c70                RTC_WKUP_IRQHandler
                0x08000c70                SPDIF_RX_IRQHandler
                0x08000c70                SPI2_IRQHandler
                0x08000c70                OTG_HS_EP1_IN_IRQHandler
                0x08000c70                DMA1_Stream0_IRQHandler
                0x08000c70                CAN1_TX_IRQHandler
                0x08000c70                FMPI2C1_ER_IRQHandler
                0x08000c70                EXTI4_IRQHandler
                0x08000c70                OTG_HS_EP1_OUT_IRQHandler
                0x08000c70                WWDG_IRQHandler
                0x08000c70                TIM2_IRQHandler
                0x08000c70                OTG_FS_WKUP_IRQHandler
                0x08000c70                TIM1_TRG_COM_TIM11_IRQHandler
                0x08000c70                OTG_HS_IRQHandler
                0x08000c70                EXTI1_IRQHandler
                0x08000c70                USART2_IRQHandler
                0x08000c70                I2C2_ER_IRQHandler
                0x08000c70                DMA2_Stream1_IRQHandler
                0x08000c70                CAN1_SCE_IRQHandler
                0x08000c70                FLASH_IRQHandler
                0x08000c70                DMA2_Stream4_IRQHandler
                0x08000c70                USART1_IRQHandler
                0x08000c70                SPI3_IRQHandler
                0x08000c70                DMA1_Stream4_IRQHandler
                0x08000c70                I2C1_ER_IRQHandler
                0x08000c70                FMC_IRQHandler
                0x08000c70                DMA2_Stream6_IRQHandler
                0x08000c70                SAI1_IRQHandler
                0x08000c70                RTC_Alarm_IRQHandler
 *fill*         0x08000c72        0x2 
 .text.HAL_Init
                0x08000c74       0x44 ./Drivers/STM32F4xx_HAL_Driver/Src/stm32f4xx_hal.o
                0x08000c74                HAL_Init
 .text.HAL_InitTick
                0x08000cb8       0x60 ./Drivers/STM32F4xx_HAL_Driver/Src/stm32f4xx_hal.o
                0x08000cb8                HAL_InitTick
 .text.HAL_IncTick
                0x08000d18       0x28 ./Drivers/STM32F4xx_HAL_Driver/Src/stm32f4xx_hal.o
                0x08000d18                HAL_IncTick
 .text.HAL_GetTick
                0x08000d40       0x18 ./Drivers/STM32F4xx_HAL_Driver/Src/stm32f4xx_hal.o
                0x08000d40                HAL_GetTick
 .text.HAL_Delay
                0x08000d58       0x48 ./Drivers/STM32F4xx_HAL_Driver/Src/stm32f4xx_hal.o
                0x08000d58                HAL_Delay
 .text.__NVIC_SetPriorityGrouping
                0x08000da0       0x48 ./Drivers/STM32F4xx_HAL_Driver/Src/stm32f4xx_hal_cortex.o
 .text.__NVIC_GetPriorityGrouping
                0x08000de8       0x1c ./Drivers/STM32F4xx_HAL_Driver/Src/stm32f4xx_hal_cortex.o
 .text.__NVIC_EnableIRQ
                0x08000e04       0x3c ./Drivers/STM32F4xx_HAL_Driver/Src/stm32f4xx_hal_cortex.o
 .text.__NVIC_SetPriority
                0x08000e40       0x54 ./Drivers/STM32F4xx_HAL_Driver/Src/stm32f4xx_hal_cortex.o
 .text.NVIC_EncodePriority
                0x08000e94       0x66 ./Drivers/STM32F4xx_HAL_Driver/Src/stm32f4xx_hal_cortex.o
 *fill*         0x08000efa        0x2 
 .text.SysTick_Config
                0x08000efc       0x44 ./Drivers/STM32F4xx_HAL_Driver/Src/stm32f4xx_hal_cortex.o
 .text.HAL_NVIC_SetPriorityGrouping
                0x08000f40       0x16 ./Drivers/STM32F4xx_HAL_Driver/Src/stm32f4xx_hal_cortex.o
                0x08000f40                HAL_NVIC_SetPriorityGrouping
 .text.HAL_NVIC_SetPriority
                0x08000f56       0x38 ./Drivers/STM32F4xx_HAL_Driver/Src/stm32f4xx_hal_cortex.o
                0x08000f56                HAL_NVIC_SetPriority
 .text.HAL_NVIC_EnableIRQ
                0x08000f8e       0x1c ./Drivers/STM32F4xx_HAL_Driver/Src/stm32f4xx_hal_cortex.o
                0x08000f8e                HAL_NVIC_EnableIRQ
 .text.HAL_SYSTICK_Config
                0x08000faa       0x18 ./Drivers/STM32F4xx_HAL_Driver/Src/stm32f4xx_hal_cortex.o
                0x08000faa                HAL_SYSTICK_Config
 *fill*         0x08000fc2        0x2 
 .text.HAL_DMA_Init
                0x08000fc4      0x15c ./Drivers/STM32F4xx_HAL_Driver/Src/stm32f4xx_hal_dma.o
                0x08000fc4                HAL_DMA_Init
 .text.HAL_DMA_IRQHandler
                0x08001120      0x314 ./Drivers/STM32F4xx_HAL_Driver/Src/stm32f4xx_hal_dma.o
                0x08001120                HAL_DMA_IRQHandler
 .text.DMA_CalcBaseAndBitshift
                0x08001434       0x6c ./Drivers/STM32F4xx_HAL_Driver/Src/stm32f4xx_hal_dma.o
 .text.DMA_CheckFifoParam
                0x080014a0       0xf8 ./Drivers/STM32F4xx_HAL_Driver/Src/stm32f4xx_hal_dma.o
 .text.HAL_GPIO_Init
                0x08001598      0x328 ./Drivers/STM32F4xx_HAL_Driver/Src/stm32f4xx_hal_gpio.o
                0x08001598                HAL_GPIO_Init
 .text.HAL_GPIO_WritePin
                0x080018c0       0x32 ./Drivers/STM32F4xx_HAL_Driver/Src/stm32f4xx_hal_gpio.o
                0x080018c0                HAL_GPIO_WritePin
 .text.HAL_HCD_Init
                0x080018f2       0xce ./Drivers/STM32F4xx_HAL_Driver/Src/stm32f4xx_hal_hcd.o
                0x080018f2                HAL_HCD_Init
 .text.HAL_RCC_ClockConfig
                0x080019c0      0x1cc ./Drivers/STM32F4xx_HAL_Driver/Src/stm32f4xx_hal_rcc.o
                0x080019c0                HAL_RCC_ClockConfig
 .text.HAL_RCCEx_PeriphCLKConfig
                0x08001b8c      0x654 ./Drivers/STM32F4xx_HAL_Driver/Src/stm32f4xx_hal_rcc_ex.o
                0x08001b8c                HAL_RCCEx_PeriphCLKConfig
 .text.HAL_RCC_GetSysClockFreq
                0x080021e0      0x460 ./Drivers/STM32F4xx_HAL_Driver/Src/stm32f4xx_hal_rcc_ex.o
                0x080021e0                HAL_RCC_GetSysClockFreq
 .text.HAL_RCC_OscConfig
                0x08002640      0x53c ./Drivers/STM32F4xx_HAL_Driver/Src/stm32f4xx_hal_rcc_ex.o
                0x08002640                HAL_RCC_OscConfig
 .text.HAL_TIM_Base_Init
                0x08002b7c       0x9e ./Drivers/STM32F4xx_HAL_Driver/Src/stm32f4xx_hal_tim.o
                0x08002b7c                HAL_TIM_Base_Init
 .text.HAL_TIM_ConfigClockSource
                0x08002c1a      0x18e ./Drivers/STM32F4xx_HAL_Driver/Src/stm32f4xx_hal_tim.o
                0x08002c1a                HAL_TIM_ConfigClockSource
 .text.TIM_Base_SetConfig
                0x08002da8      0x14c ./Drivers/STM32F4xx_HAL_Driver/Src/stm32f4xx_hal_tim.o
                0x08002da8                TIM_Base_SetConfig
 .text.TIM_TI1_ConfigInputStage
                0x08002ef4       0x5e ./Drivers/STM32F4xx_HAL_Driver/Src/stm32f4xx_hal_tim.o
 .text.TIM_TI2_ConfigInputStage
                0x08002f52       0x60 ./Drivers/STM32F4xx_HAL_Driver/Src/stm32f4xx_hal_tim.o
 .text.TIM_ITRx_SetConfig
                0x08002fb2       0x36 ./Drivers/STM32F4xx_HAL_Driver/Src/stm32f4xx_hal_tim.o
 .text.TIM_ETR_SetConfig
                0x08002fe8       0x40 ./Drivers/STM32F4xx_HAL_Driver/Src/stm32f4xx_hal_tim.o
                0x08002fe8                TIM_ETR_SetConfig
 .text.HAL_TIMEx_MasterConfigSynchronization
                0x08003028       0xf8 ./Drivers/STM32F4xx_HAL_Driver/Src/stm32f4xx_hal_tim_ex.o
                0x08003028                HAL_TIMEx_MasterConfigSynchronization
 .text.USB_CoreInit
                0x08003120       0xc8 ./Drivers/STM32F4xx_HAL_Driver/Src/stm32f4xx_ll_usb.o
                0x08003120                USB_CoreInit
 .text.USB_DisableGlobalInt
                0x080031e8       0x22 ./Drivers/STM32F4xx_HAL_Driver/Src/stm32f4xx_ll_usb.o
                0x080031e8                USB_DisableGlobalInt
 .text.USB_SetCurrentMode
                0x0800320a       0x98 ./Drivers/STM32F4xx_HAL_Driver/Src/stm32f4xx_ll_usb.o
                0x0800320a                USB_SetCurrentMode
 .text.USB_FlushTxFifo
                0x080032a2       0x64 ./Drivers/STM32F4xx_HAL_Driver/Src/stm32f4xx_ll_usb.o
                0x080032a2                USB_FlushTxFifo
 .text.USB_FlushRxFifo
                0x08003306       0x5c ./Drivers/STM32F4xx_HAL_Driver/Src/stm32f4xx_ll_usb.o
                0x08003306                USB_FlushRxFifo
 .text.USB_GetMode
                0x08003362       0x1c ./Drivers/STM32F4xx_HAL_Driver/Src/stm32f4xx_ll_usb.o
                0x08003362                USB_GetMode
 .text.USB_CoreReset
                0x0800337e       0x70 ./Drivers/STM32F4xx_HAL_Driver/Src/stm32f4xx_ll_usb.o
 *fill*         0x080033ee        0x2 
 .text.USB_HostInit
                0x080033f0      0x170 ./Drivers/STM32F4xx_HAL_Driver/Src/stm32f4xx_ll_usb.o
                0x080033f0                USB_HostInit
 .text.get_idx_by_epaddr
                0x08003560       0x68 ./Libs/tinyusb-master/src/class/hid/hid_host.o
 .text.find_new_itf
                0x080035c8       0x50 ./Libs/tinyusb-master/src/class/hid/hid_host.o
 .text.tuh_hid_itf_get_index
                0x08003618       0x5c ./Libs/tinyusb-master/src/class/hid/hid_host.o
                0x08003618                tuh_hid_itf_get_index
 .text._hidh_set_protocol
                0x08003674       0x8a ./Libs/tinyusb-master/src/class/hid/hid_host.o
 .text._hidh_set_idle
                0x080036fe       0x88 ./Libs/tinyusb-master/src/class/hid/hid_host.o
 *fill*         0x08003786        0x2 
 .text.tuh_hid_receive_report
                0x08003788       0xf4 ./Libs/tinyusb-master/src/class/hid/hid_host.o
                0x08003788                tuh_hid_receive_report
 .text.hidh_init
                0x0800387c       0x18 ./Libs/tinyusb-master/src/class/hid/hid_host.o
                0x0800387c                hidh_init
 .text.hidh_deinit
                0x08003894       0x10 ./Libs/tinyusb-master/src/class/hid/hid_host.o
                0x08003894                hidh_deinit
 .text.hidh_xfer_cb
                0x080038a4       0xec ./Libs/tinyusb-master/src/class/hid/hid_host.o
                0x080038a4                hidh_xfer_cb
 .text.hidh_close
                0x08003990       0x64 ./Libs/tinyusb-master/src/class/hid/hid_host.o
                0x08003990                hidh_close
 .text.hidh_open
                0x080039f4      0x1e0 ./Libs/tinyusb-master/src/class/hid/hid_host.o
                0x080039f4                hidh_open
 .text.hidh_set_config
                0x08003bd4       0x3c ./Libs/tinyusb-master/src/class/hid/hid_host.o
                0x08003bd4                hidh_set_config
 .text.process_set_config
                0x08003c10      0x1a8 ./Libs/tinyusb-master/src/class/hid/hid_host.o
 .text.config_driver_mount_complete
                0x08003db8       0xa0 ./Libs/tinyusb-master/src/class/hid/hid_host.o
 .text._ff_push
                0x08003e58       0x3e ./Libs/tinyusb-master/src/common/tusb_fifo.o
 .text._ff_pull
                0x08003e96       0x3e ./Libs/tinyusb-master/src/common/tusb_fifo.o
 .text.advance_index
                0x08003ed4       0x4c ./Libs/tinyusb-master/src/common/tusb_fifo.o
 .text._tu_fifo_peek
                0x08003f20       0xcc ./Libs/tinyusb-master/src/common/tusb_fifo.o
 .text.tu_fifo_empty
                0x08003fec       0x2a ./Libs/tinyusb-master/src/common/tusb_fifo.o
                0x08003fec                tu_fifo_empty
 .text.tu_fifo_full
                0x08004016       0x5c ./Libs/tinyusb-master/src/common/tusb_fifo.o
                0x08004016                tu_fifo_full
 .text.tu_fifo_read
                0x08004072       0x48 ./Libs/tinyusb-master/src/common/tusb_fifo.o
                0x08004072                tu_fifo_read
 .text.tu_fifo_write
                0x080040ba       0x86 ./Libs/tinyusb-master/src/common/tusb_fifo.o
                0x080040ba                tu_fifo_write
 .text.tu_fifo_clear
                0x08004140       0x22 ./Libs/tinyusb-master/src/common/tusb_fifo.o
                0x08004140                tu_fifo_clear
 .text.tuh_enum_descriptor_device_cb
                0x08004162       0x18 ./Libs/tinyusb-master/src/host/usbh.o
                0x08004162                tuh_enum_descriptor_device_cb
 .text.tuh_enum_descriptor_configuration_cb
                0x0800417a       0x1e ./Libs/tinyusb-master/src/host/usbh.o
                0x0800417a                tuh_enum_descriptor_configuration_cb
 .text.tuh_event_hook_cb
                0x08004198       0x1c ./Libs/tinyusb-master/src/host/usbh.o
                0x08004198                tuh_event_hook_cb
 .text.hcd_dcache_clean
                0x080041b4       0x18 ./Libs/tinyusb-master/src/host/usbh.o
                0x080041b4                hcd_dcache_clean
 .text.get_driver
                0x080041cc       0x68 ./Libs/tinyusb-master/src/host/usbh.o
 .text.tuh_connected
                0x08004234       0x78 ./Libs/tinyusb-master/src/host/usbh.o
                0x08004234                tuh_connected
 .text.tuh_speed_get
                0x080042ac       0x22 ./Libs/tinyusb-master/src/host/usbh.o
                0x080042ac                tuh_speed_get
 *fill*         0x080042ce        0x2 
 .text.tuh_rhport_is_active
                0x080042d0       0x2c ./Libs/tinyusb-master/src/host/usbh.o
                0x080042d0                tuh_rhport_is_active
 .text.clear_device
                0x080042fc       0x36 ./Libs/tinyusb-master/src/host/usbh.o
 *fill*         0x08004332        0x2 
 .text.tuh_inited
                0x08004334       0x20 ./Libs/tinyusb-master/src/host/usbh.o
                0x08004334                tuh_inited
 .text.tuh_rhport_init
                0x08004354      0x150 ./Libs/tinyusb-master/src/host/usbh.o
                0x08004354                tuh_rhport_init
 .text.tuh_task_event_ready
                0x080044a4       0x50 ./Libs/tinyusb-master/src/host/usbh.o
                0x080044a4                tuh_task_event_ready
 .text.tuh_task_ext
                0x080044f4      0x34c ./Libs/tinyusb-master/src/host/usbh.o
                0x080044f4                tuh_task_ext
 .text._control_blocking_complete_cb
                0x08004840       0x20 ./Libs/tinyusb-master/src/host/usbh.o
 .text.tuh_control_xfer
                0x08004860      0x210 ./Libs/tinyusb-master/src/host/usbh.o
                0x08004860                tuh_control_xfer
 .text._control_xfer_complete
                0x08004a70       0xa0 ./Libs/tinyusb-master/src/host/usbh.o
 .text.usbh_control_xfer_cb
                0x08004b10      0x2dc ./Libs/tinyusb-master/src/host/usbh.o
 .text.tuh_edpt_abort_xfer
                0x08004dec      0x120 ./Libs/tinyusb-master/src/host/usbh.o
                0x08004dec                tuh_edpt_abort_xfer
 .text.usbh_get_rhport
                0x08004f0c       0x22 ./Libs/tinyusb-master/src/host/usbh.o
                0x08004f0c                usbh_get_rhport
 *fill*         0x08004f2e        0x2 
 .text.usbh_get_enum_buf
                0x08004f30       0x14 ./Libs/tinyusb-master/src/host/usbh.o
                0x08004f30                usbh_get_enum_buf
 .text.usbh_int_set
                0x08004f44       0x34 ./Libs/tinyusb-master/src/host/usbh.o
                0x08004f44                usbh_int_set
 .text.usbh_edpt_claim
                0x08004f78       0xb4 ./Libs/tinyusb-master/src/host/usbh.o
                0x08004f78                usbh_edpt_claim
 .text.usbh_edpt_release
                0x0800502c       0x9c ./Libs/tinyusb-master/src/host/usbh.o
                0x0800502c                usbh_edpt_release
 .text.usbh_edpt_xfer_with_callback
                0x080050c8       0xe0 ./Libs/tinyusb-master/src/host/usbh.o
                0x080050c8                usbh_edpt_xfer_with_callback
 .text.usbh_edpt_control_open
                0x080051a8       0x4c ./Libs/tinyusb-master/src/host/usbh.o
 .text.tuh_edpt_open
                0x080051f4       0x68 ./Libs/tinyusb-master/src/host/usbh.o
                0x080051f4                tuh_edpt_open
 .text.tuh_bus_info_get
                0x0800525c       0x60 ./Libs/tinyusb-master/src/host/usbh.o
                0x0800525c                tuh_bus_info_get
 .text.tuh_descriptor_get
                0x080052bc       0xc4 ./Libs/tinyusb-master/src/host/usbh.o
                0x080052bc                tuh_descriptor_get
 .text.tuh_descriptor_get_device
                0x08005380       0x4a ./Libs/tinyusb-master/src/host/usbh.o
                0x08005380                tuh_descriptor_get_device
 .text.tuh_descriptor_get_configuration
                0x080053ca       0x38 ./Libs/tinyusb-master/src/host/usbh.o
                0x080053ca                tuh_descriptor_get_configuration
 .text.tuh_descriptor_get_string
                0x08005402       0xc4 ./Libs/tinyusb-master/src/host/usbh.o
                0x08005402                tuh_descriptor_get_string
 .text.tuh_descriptor_get_hid_report
                0x080054c6       0xa4 ./Libs/tinyusb-master/src/host/usbh.o
                0x080054c6                tuh_descriptor_get_hid_report
 *fill*         0x0800556a        0x2 
 .text.tuh_address_set
                0x0800556c       0xa8 ./Libs/tinyusb-master/src/host/usbh.o
                0x0800556c                tuh_address_set
 .text.tuh_configuration_set
                0x08005614       0x82 ./Libs/tinyusb-master/src/host/usbh.o
                0x08005614                tuh_configuration_set
 *fill*         0x08005696        0x2 
 .text.process_removed_device
                0x08005698      0x118 ./Libs/tinyusb-master/src/host/usbh.o
 .text.enum_new_device
                0x080057b0       0xe8 ./Libs/tinyusb-master/src/host/usbh.o
 .text.process_enumeration
                0x08005898      0x8e8 ./Libs/tinyusb-master/src/host/usbh.o
 .text.enum_get_new_address
                0x08006180       0x6c ./Libs/tinyusb-master/src/host/usbh.o
 .text.enum_parse_configuration_desc
                0x080061ec      0x1f4 ./Libs/tinyusb-master/src/host/usbh.o
 .text.usbh_driver_set_config_complete
                0x080063e0       0xa4 ./Libs/tinyusb-master/src/host/usbh.o
                0x080063e0                usbh_driver_set_config_complete
 .text.enum_full_complete
                0x08006484       0x18 ./Libs/tinyusb-master/src/host/usbh.o
 .text.dwc2_phy_init
                0x0800649c       0x54 ./Libs/tinyusb-master/src/portable/synopsys/dwc2/dwc2_common.o
 .text.dwc2_phy_update
                0x080064f0       0xec ./Libs/tinyusb-master/src/portable/synopsys/dwc2/dwc2_common.o
 .text.reset_core
                0x080065dc       0x6c ./Libs/tinyusb-master/src/portable/synopsys/dwc2/dwc2_common.o
 .text.phy_fs_init
                0x08006648       0x50 ./Libs/tinyusb-master/src/portable/synopsys/dwc2/dwc2_common.o
 .text.phy_hs_init
                0x08006698       0xde ./Libs/tinyusb-master/src/portable/synopsys/dwc2/dwc2_common.o
 *fill*         0x08006776        0x2 
 .text.check_dwc2
                0x08006778       0x60 ./Libs/tinyusb-master/src/portable/synopsys/dwc2/dwc2_common.o
 .text.dwc2_core_is_highspeed
                0x080067d8       0x3a ./Libs/tinyusb-master/src/portable/synopsys/dwc2/dwc2_common.o
                0x080067d8                dwc2_core_is_highspeed
 *fill*         0x08006812        0x2 
 .text.dwc2_core_init
                0x08006814      0x118 ./Libs/tinyusb-master/src/portable/synopsys/dwc2/dwc2_common.o
                0x08006814                dwc2_core_init
 .text.__NVIC_EnableIRQ
                0x0800692c       0x3c ./Libs/tinyusb-master/src/portable/synopsys/dwc2/hcd_dwc2.o
 .text.__NVIC_DisableIRQ
                0x08006968       0x48 ./Libs/tinyusb-master/src/portable/synopsys/dwc2/hcd_dwc2.o
 .text.dfifo_host_init
                0x080069b0      0x164 ./Libs/tinyusb-master/src/portable/synopsys/dwc2/hcd_dwc2.o
 .text.hcd_init
                0x08006b14      0x128 ./Libs/tinyusb-master/src/portable/synopsys/dwc2/hcd_dwc2.o
                0x08006b14                hcd_init
 .text.hcd_int_enable
                0x08006c3c       0x50 ./Libs/tinyusb-master/src/portable/synopsys/dwc2/hcd_dwc2.o
                0x08006c3c                hcd_int_enable
 .text.hcd_int_disable
                0x08006c8c       0x50 ./Libs/tinyusb-master/src/portable/synopsys/dwc2/hcd_dwc2.o
                0x08006c8c                hcd_int_disable
 .text.hcd_port_connect_status
                0x08006cdc       0x48 ./Libs/tinyusb-master/src/portable/synopsys/dwc2/hcd_dwc2.o
                0x08006cdc                hcd_port_connect_status
 .text.hcd_port_reset
                0x08006d24       0x50 ./Libs/tinyusb-master/src/portable/synopsys/dwc2/hcd_dwc2.o
                0x08006d24                hcd_port_reset
 .text.hcd_port_reset_end
                0x08006d74       0x50 ./Libs/tinyusb-master/src/portable/synopsys/dwc2/hcd_dwc2.o
                0x08006d74                hcd_port_reset_end
 .text.hcd_port_speed_get
                0x08006dc4       0x94 ./Libs/tinyusb-master/src/portable/synopsys/dwc2/hcd_dwc2.o
                0x08006dc4                hcd_port_speed_get
 .text.hcd_device_close
                0x08006e58       0x6c ./Libs/tinyusb-master/src/portable/synopsys/dwc2/hcd_dwc2.o
                0x08006e58                hcd_device_close
 .text.hcd_edpt_open
                0x08006ec4      0x364 ./Libs/tinyusb-master/src/portable/synopsys/dwc2/hcd_dwc2.o
                0x08006ec4                hcd_edpt_open
 .text.channel_xfer_start
                0x08007228      0x47c ./Libs/tinyusb-master/src/portable/synopsys/dwc2/hcd_dwc2.o
 .text.edpt_xfer_kickoff
                0x080076a4       0xd8 ./Libs/tinyusb-master/src/portable/synopsys/dwc2/hcd_dwc2.o
 .text.hcd_edpt_xfer
                0x0800777c      0x150 ./Libs/tinyusb-master/src/portable/synopsys/dwc2/hcd_dwc2.o
                0x0800777c                hcd_edpt_xfer
 .text.hcd_edpt_abort_xfer
                0x080078cc      0x2a4 ./Libs/tinyusb-master/src/portable/synopsys/dwc2/hcd_dwc2.o
                0x080078cc                hcd_edpt_abort_xfer
 .text.hcd_setup_send
                0x08007b70       0xec ./Libs/tinyusb-master/src/portable/synopsys/dwc2/hcd_dwc2.o
                0x08007b70                hcd_setup_send
 .text.tusb_time_delay_ms_api
                0x08007c5c       0x2a ./Libs/tinyusb-master/src/tusb.o
                0x08007c5c                tusb_time_delay_ms_api
 *fill*         0x08007c86        0x2 
 .text.tusb_rhport_init
                0x08007c88       0x80 ./Libs/tinyusb-master/src/tusb.o
                0x08007c88                tusb_rhport_init
 .text.tu_edpt_claim
                0x08007d08       0x74 ./Libs/tinyusb-master/src/tusb.o
                0x08007d08                tu_edpt_claim
 .text.tu_edpt_release
                0x08007d7c       0x54 ./Libs/tinyusb-master/src/tusb.o
                0x08007d7c                tu_edpt_release
 .text.tu_edpt_validate
                0x08007dd0      0x134 ./Libs/tinyusb-master/src/tusb.o
                0x08007dd0                tu_edpt_validate
 .text.tu_edpt_bind_driver
                0x08007f04       0x8a ./Libs/tinyusb-master/src/tusb.o
                0x08007f04                tu_edpt_bind_driver
 .text.tu_desc_get_interface_total_len
                0x08007f8e       0xc0 ./Libs/tinyusb-master/src/tusb.o
                0x08007f8e                tu_desc_get_interface_total_len
 .text.memset   0x0800804e       0x10 /Applications/STM32CubeIDE.app/Contents/Eclipse/plugins/com.st.stm32cube.ide.mcu.externaltools.gnu-tools-for-stm32.13.3.rel1.macos64_1.0.0.202411102158/tools/bin/../lib/gcc/arm-none-eabi/13.3.1/../../../../arm-none-eabi/lib/thumb/v7e-m+fp/hard/libc_nano.a(libc_a-memset.o)
                0x0800804e                memset
 *fill*         0x0800805e        0x2 
 .text.__libc_init_array
                0x08008060       0x48 /Applications/STM32CubeIDE.app/Contents/Eclipse/plugins/com.st.stm32cube.ide.mcu.externaltools.gnu-tools-for-stm32.13.3.rel1.macos64_1.0.0.202411102158/tools/bin/../lib/gcc/arm-none-eabi/13.3.1/../../../../arm-none-eabi/lib/thumb/v7e-m+fp/hard/libc_nano.a(libc_a-init.o)
                0x08008060                __libc_init_array
 .text.memcpy   0x080080a8       0x1c /Applications/STM32CubeIDE.app/Contents/Eclipse/plugins/com.st.stm32cube.ide.mcu.externaltools.gnu-tools-for-stm32.13.3.rel1.macos64_1.0.0.202411102158/tools/bin/../lib/gcc/arm-none-eabi/13.3.1/../../../../arm-none-eabi/lib/thumb/v7e-m+fp/hard/libc_nano.a(libc_a-memcpy-stub.o)
                0x080080a8                memcpy
 *(.glue_7)
 .glue_7        0x080080c4        0x0 linker stubs
 *(.glue_7t)
 .glue_7t       0x080080c4        0x0 linker stubs
 *(.eh_frame)
 .eh_frame      0x080080c4        0x0 /Applications/STM32CubeIDE.app/Contents/Eclipse/plugins/com.st.stm32cube.ide.mcu.externaltools.gnu-tools-for-stm32.13.3.rel1.macos64_1.0.0.202411102158/tools/bin/../lib/gcc/arm-none-eabi/13.3.1/thumb/v7e-m+fp/hard/crtbegin.o
 *(.init)
 .init          0x080080c4        0x4 /Applications/STM32CubeIDE.app/Contents/Eclipse/plugins/com.st.stm32cube.ide.mcu.externaltools.gnu-tools-for-stm32.13.3.rel1.macos64_1.0.0.202411102158/tools/bin/../lib/gcc/arm-none-eabi/13.3.1/thumb/v7e-m+fp/hard/crti.o
                0x080080c4                _init
 .init          0x080080c8        0x8 /Applications/STM32CubeIDE.app/Contents/Eclipse/plugins/com.st.stm32cube.ide.mcu.externaltools.gnu-tools-for-stm32.13.3.rel1.macos64_1.0.0.202411102158/tools/bin/../lib/gcc/arm-none-eabi/13.3.1/thumb/v7e-m+fp/hard/crtn.o
 *(.fini)
 .fini          0x080080d0        0x4 /Applications/STM32CubeIDE.app/Contents/Eclipse/plugins/com.st.stm32cube.ide.mcu.externaltools.gnu-tools-for-stm32.13.3.rel1.macos64_1.0.0.202411102158/tools/bin/../lib/gcc/arm-none-eabi/13.3.1/thumb/v7e-m+fp/hard/crti.o
                0x080080d0                _fini
 .fini          0x080080d4        0x8 /Applications/STM32CubeIDE.app/Contents/Eclipse/plugins/com.st.stm32cube.ide.mcu.externaltools.gnu-tools-for-stm32.13.3.rel1.macos64_1.0.0.202411102158/tools/bin/../lib/gcc/arm-none-eabi/13.3.1/thumb/v7e-m+fp/hard/crtn.o
                0x080080dc                        . = ALIGN (0x4)
                0x080080dc                        _etext = .

.vfp11_veneer   0x080080dc        0x0
 .vfp11_veneer  0x080080dc        0x0 linker stubs

.v4_bx          0x080080dc        0x0
 .v4_bx         0x080080dc        0x0 linker stubs

.iplt           0x080080dc        0x0
 .iplt          0x080080dc        0x0 /Applications/STM32CubeIDE.app/Contents/Eclipse/plugins/com.st.stm32cube.ide.mcu.externaltools.gnu-tools-for-stm32.13.3.rel1.macos64_1.0.0.202411102158/tools/bin/../lib/gcc/arm-none-eabi/13.3.1/thumb/v7e-m+fp/hard/crtbegin.o

.rodata         0x080080dc       0x74
                0x080080dc                        . = ALIGN (0x4)
 *(.rodata)
 *(.rodata*)
 .rodata.AHBPrescTable
                0x080080dc       0x10 ./Core/Src/system_stm32f4xx.o
                0x080080dc                AHBPrescTable
 .rodata.flagBitshiftOffset.0
                0x080080ec        0x8 ./Drivers/STM32F4xx_HAL_Driver/Src/stm32f4xx_hal_dma.o
 .rodata.usbh_class_drivers
                0x080080f4       0x1c ./Libs/tinyusb-master/src/host/usbh.o
 .rodata._dwc2_controller
                0x08008110       0x20 ./Libs/tinyusb-master/src/portable/synopsys/dwc2/dwc2_common.o
 .rodata._dwc2_controller
                0x08008130       0x20 ./Libs/tinyusb-master/src/portable/synopsys/dwc2/hcd_dwc2.o
                0x08008150                        . = ALIGN (0x4)

.ARM.extab      0x08008150        0x0
                0x08008150                        . = ALIGN (0x4)
 *(.ARM.extab* .gnu.linkonce.armextab.*)
                0x08008150                        . = ALIGN (0x4)

.ARM            0x08008150        0x8
                0x08008150                        . = ALIGN (0x4)
                0x08008150                        __exidx_start = .
 *(.ARM.exidx*)
 .ARM.exidx     0x08008150        0x8 /Applications/STM32CubeIDE.app/Contents/Eclipse/plugins/com.st.stm32cube.ide.mcu.externaltools.gnu-tools-for-stm32.13.3.rel1.macos64_1.0.0.202411102158/tools/bin/../lib/gcc/arm-none-eabi/13.3.1/thumb/v7e-m+fp/hard/libgcc.a(_udivmoddi4.o)
                0x08008158                        __exidx_end = .
                0x08008158                        . = ALIGN (0x4)

.preinit_array  0x08008158        0x0
                0x08008158                        . = ALIGN (0x4)
                0x08008158                        PROVIDE (__preinit_array_start = .)
 *(.preinit_array*)
                0x08008158                        PROVIDE (__preinit_array_end = .)
                0x08008158                        . = ALIGN (0x4)

.init_array     0x08008158        0x4
                0x08008158                        . = ALIGN (0x4)
                0x08008158                        PROVIDE (__init_array_start = .)
 *(SORT_BY_NAME(.init_array.*))
 *(.init_array*)
 .init_array    0x08008158        0x4 /Applications/STM32CubeIDE.app/Contents/Eclipse/plugins/com.st.stm32cube.ide.mcu.externaltools.gnu-tools-for-stm32.13.3.rel1.macos64_1.0.0.202411102158/tools/bin/../lib/gcc/arm-none-eabi/13.3.1/thumb/v7e-m+fp/hard/crtbegin.o
                0x0800815c                        PROVIDE (__init_array_end = .)
                0x0800815c                        . = ALIGN (0x4)

.fini_array     0x0800815c        0x4
                0x0800815c                        . = ALIGN (0x4)
                [!provide]                        PROVIDE (__fini_array_start = .)
 *(SORT_BY_NAME(.fini_array.*))
 *(.fini_array*)
 .fini_array    0x0800815c        0x4 /Applications/STM32CubeIDE.app/Contents/Eclipse/plugins/com.st.stm32cube.ide.mcu.externaltools.gnu-tools-for-stm32.13.3.rel1.macos64_1.0.0.202411102158/tools/bin/../lib/gcc/arm-none-eabi/13.3.1/thumb/v7e-m+fp/hard/crtbegin.o
                [!provide]                        PROVIDE (__fini_array_end = .)
                0x08008160                        . = ALIGN (0x4)
                0x08008160                        _sidata = LOADADDR (.data)

.rel.dyn        0x08008160        0x0
 .rel.iplt      0x08008160        0x0 /Applications/STM32CubeIDE.app/Contents/Eclipse/plugins/com.st.stm32cube.ide.mcu.externaltools.gnu-tools-for-stm32.13.3.rel1.macos64_1.0.0.202411102158/tools/bin/../lib/gcc/arm-none-eabi/13.3.1/thumb/v7e-m+fp/hard/crtbegin.o

.data           0x20000000       0x3c load address 0x08008160
                0x20000000                        . = ALIGN (0x4)
                0x20000000                        _sdata = .
 *(.data)
 *(.data*)
 .data.SystemCoreClock
                0x20000000        0x4 ./Core/Src/system_stm32f4xx.o
                0x20000000                SystemCoreClock
 .data.uwTickPrio
                0x20000004        0x4 ./Drivers/STM32F4xx_HAL_Driver/Src/stm32f4xx_hal.o
                0x20000004                uwTickPrio
 .data.uwTickFreq
                0x20000008        0x1 ./Drivers/STM32F4xx_HAL_Driver/Src/stm32f4xx_hal.o
                0x20000008                uwTickFreq
 *fill*         0x20000009        0x3 
 .data._usbh_spin
                0x2000000c        0x4 ./Libs/tinyusb-master/src/host/usbh.o
 .data._usbh_qdef
                0x20000010       0x10 ./Libs/tinyusb-master/src/host/usbh.o
                0x20000010                _usbh_qdef
 .data._usbh_data
                0x20000020       0x1c ./Libs/tinyusb-master/src/host/usbh.o
 *(.RamFunc)
 *(.RamFunc*)
                0x2000003c                        . = ALIGN (0x4)
                0x2000003c                        _edata = .

.igot.plt       0x2000003c        0x0 load address 0x0800819c
 .igot.plt      0x2000003c        0x0 /Applications/STM32CubeIDE.app/Contents/Eclipse/plugins/com.st.stm32cube.ide.mcu.externaltools.gnu-tools-for-stm32.13.3.rel1.macos64_1.0.0.202411102158/tools/bin/../lib/gcc/arm-none-eabi/13.3.1/thumb/v7e-m+fp/hard/crtbegin.o
                0x2000003c                        . = ALIGN (0x4)

.bss            0x2000003c      0xd88 load address 0x0800819c
                0x2000003c                        _sbss = .
                0x2000003c                        __bss_start__ = _sbss
 *(.bss)
 .bss           0x2000003c       0x1c /Applications/STM32CubeIDE.app/Contents/Eclipse/plugins/com.st.stm32cube.ide.mcu.externaltools.gnu-tools-for-stm32.13.3.rel1.macos64_1.0.0.202411102158/tools/bin/../lib/gcc/arm-none-eabi/13.3.1/thumb/v7e-m+fp/hard/crtbegin.o
 *(.bss*)
 .bss.q         0x20000058      0x414 ./Core/Src/hid.o
                0x20000058                q
 .bss.htim2     0x2000046c       0x48 ./Core/Src/main.o
                0x2000046c                htim2
 .bss.hdma_tim2_up_ch3
                0x200004b4       0x60 ./Core/Src/main.o
                0x200004b4                hdma_tim2_up_ch3
 .bss.hhcd_USB_OTG_FS
                0x20000514      0x3e0 ./Core/Src/main.o
                0x20000514                hhcd_USB_OTG_FS
 .bss.uwTick    0x200008f4        0x4 ./Drivers/STM32F4xx_HAL_Driver/Src/stm32f4xx_hal.o
                0x200008f4                uwTick
 .bss._hidh_itf
                0x200008f8        0xe ./Libs/tinyusb-master/src/class/hid/hid_host.o
 *fill*         0x20000906        0x2 
 .bss._hidh_epbuf
                0x20000908       0x80 ./Libs/tinyusb-master/src/class/hid/hid_host.o
 .bss._hidh_default_protocol
                0x20000988        0x1 ./Libs/tinyusb-master/src/class/hid/hid_host.o
 *fill*         0x20000989        0x3 
 .bss._usbh_devices
                0x2000098c       0x5e ./Libs/tinyusb-master/src/host/usbh.o
 *fill*         0x200009ea        0x2 
 .bss._usbh_qdef_buf
                0x200009ec       0xc0 ./Libs/tinyusb-master/src/host/usbh.o
                0x200009ec                _usbh_qdef_buf
 .bss._usbh_q   0x20000aac        0x4 ./Libs/tinyusb-master/src/host/usbh.o
 .bss._usbh_epbuf
                0x20000ab0      0x108 ./Libs/tinyusb-master/src/host/usbh.o
 .bss._app_driver
                0x20000bb8        0x4 ./Libs/tinyusb-master/src/host/usbh.o
 .bss._app_driver_count
                0x20000bbc        0x1 ./Libs/tinyusb-master/src/host/usbh.o
 .bss.failed_count.0
                0x20000bbd        0x1 ./Libs/tinyusb-master/src/host/usbh.o
 *fill*         0x20000bbe        0x2 
 .bss._hcd_data
                0x20000bc0      0x200 ./Libs/tinyusb-master/src/portable/synopsys/dwc2/hcd_dwc2.o
                0x20000bc0                _hcd_data
 .bss._tusb_rhport_role
                0x20000dc0        0x2 ./Libs/tinyusb-master/src/tusb.o
                0x20000dc0                _tusb_rhport_role
 *(COMMON)
                0x20000dc4                        . = ALIGN (0x4)
 *fill*         0x20000dc2        0x2 
                0x20000dc4                        _ebss = .
                0x20000dc4                        __bss_end__ = _ebss

._user_heap_stack
                0x20000dc4      0x604 load address 0x0800819c
                0x20000dc8                        . = ALIGN (0x8)
 *fill*         0x20000dc4        0x4 
                [!provide]                        PROVIDE (end = .)
                0x20000dc8                        PROVIDE (_end = .)
                0x20000fc8                        . = (. + _Min_Heap_Size)
 *fill*         0x20000dc8      0x200 
                0x200013c8                        . = (. + _Min_Stack_Size)
 *fill*         0x20000fc8      0x400 
                0x200013c8                        . = ALIGN (0x8)

/DISCARD/
 libc.a(*)
 libm.a(*)
 libgcc.a(*)

.ARM.attributes
                0x00000000       0x30
 *(.ARM.attributes)
 .ARM.attributes
                0x00000000       0x22 /Applications/STM32CubeIDE.app/Contents/Eclipse/plugins/com.st.stm32cube.ide.mcu.externaltools.gnu-tools-for-stm32.13.3.rel1.macos64_1.0.0.202411102158/tools/bin/../lib/gcc/arm-none-eabi/13.3.1/thumb/v7e-m+fp/hard/crti.o
 .ARM.attributes
                0x00000022       0x34 /Applications/STM32CubeIDE.app/Contents/Eclipse/plugins/com.st.stm32cube.ide.mcu.externaltools.gnu-tools-for-stm32.13.3.rel1.macos64_1.0.0.202411102158/tools/bin/../lib/gcc/arm-none-eabi/13.3.1/thumb/v7e-m+fp/hard/crtbegin.o
 .ARM.attributes
                0x00000056       0x34 ./Core/Src/hid.o
 .ARM.attributes
                0x0000008a       0x34 ./Core/Src/main.o
 .ARM.attributes
                0x000000be       0x34 ./Core/Src/stm32f4xx_hal_msp.o
 .ARM.attributes
                0x000000f2       0x34 ./Core/Src/stm32f4xx_it.o
 .ARM.attributes
                0x00000126       0x34 ./Core/Src/system_stm32f4xx.o
 .ARM.attributes
                0x0000015a       0x21 ./Core/Startup/startup_stm32f446retx.o
 .ARM.attributes
                0x0000017b       0x34 ./Drivers/STM32F4xx_HAL_Driver/Src/stm32f4xx_hal.o
 .ARM.attributes
                0x000001af       0x34 ./Drivers/STM32F4xx_HAL_Driver/Src/stm32f4xx_hal_cortex.o
 .ARM.attributes
                0x000001e3       0x34 ./Drivers/STM32F4xx_HAL_Driver/Src/stm32f4xx_hal_dma.o
 .ARM.attributes
                0x00000217       0x34 ./Drivers/STM32F4xx_HAL_Driver/Src/stm32f4xx_hal_gpio.o
 .ARM.attributes
                0x0000024b       0x34 ./Drivers/STM32F4xx_HAL_Driver/Src/stm32f4xx_hal_hcd.o
 .ARM.attributes
                0x0000027f       0x34 ./Drivers/STM32F4xx_HAL_Driver/Src/stm32f4xx_hal_rcc.o
 .ARM.attributes
                0x000002b3       0x34 ./Drivers/STM32F4xx_HAL_Driver/Src/stm32f4xx_hal_rcc_ex.o
 .ARM.attributes
                0x000002e7       0x34 ./Drivers/STM32F4xx_HAL_Driver/Src/stm32f4xx_hal_tim.o
 .ARM.attributes
                0x0000031b       0x34 ./Drivers/STM32F4xx_HAL_Driver/Src/stm32f4xx_hal_tim_ex.o
 .ARM.attributes
                0x0000034f       0x34 ./Drivers/STM32F4xx_HAL_Driver/Src/stm32f4xx_ll_usb.o
 .ARM.attributes
                0x00000383       0x34 ./Libs/tinyusb-master/src/class/hid/hid_host.o
 .ARM.attributes
                0x000003b7       0x34 ./Libs/tinyusb-master/src/common/tusb_fifo.o
 .ARM.attributes
                0x000003eb       0x34 ./Libs/tinyusb-master/src/host/usbh.o
 .ARM.attributes
                0x0000041f       0x34 ./Libs/tinyusb-master/src/portable/synopsys/dwc2/dwc2_common.o
 .ARM.attributes
                0x00000453       0x34 ./Libs/tinyusb-master/src/portable/synopsys/dwc2/hcd_dwc2.o
 .ARM.attributes
                0x00000487       0x34 ./Libs/tinyusb-master/src/tusb.o
 .ARM.attributes
                0x000004bb       0x34 /Applications/STM32CubeIDE.app/Contents/Eclipse/plugins/com.st.stm32cube.ide.mcu.externaltools.gnu-tools-for-stm32.13.3.rel1.macos64_1.0.0.202411102158/tools/bin/../lib/gcc/arm-none-eabi/13.3.1/../../../../arm-none-eabi/lib/thumb/v7e-m+fp/hard/libc_nano.a(libc_a-memset.o)
 .ARM.attributes
                0x000004ef       0x34 /Applications/STM32CubeIDE.app/Contents/Eclipse/plugins/com.st.stm32cube.ide.mcu.externaltools.gnu-tools-for-stm32.13.3.rel1.macos64_1.0.0.202411102158/tools/bin/../lib/gcc/arm-none-eabi/13.3.1/../../../../arm-none-eabi/lib/thumb/v7e-m+fp/hard/libc_nano.a(libc_a-init.o)
 .ARM.attributes
                0x00000523       0x34 /Applications/STM32CubeIDE.app/Contents/Eclipse/plugins/com.st.stm32cube.ide.mcu.externaltools.gnu-tools-for-stm32.13.3.rel1.macos64_1.0.0.202411102158/tools/bin/../lib/gcc/arm-none-eabi/13.3.1/../../../../arm-none-eabi/lib/thumb/v7e-m+fp/hard/libc_nano.a(libc_a-memcpy-stub.o)
 .ARM.attributes
                0x00000557       0x22 /Applications/STM32CubeIDE.app/Contents/Eclipse/plugins/com.st.stm32cube.ide.mcu.externaltools.gnu-tools-for-stm32.13.3.rel1.macos64_1.0.0.202411102158/tools/bin/../lib/gcc/arm-none-eabi/13.3.1/thumb/v7e-m+fp/hard/libgcc.a(_aeabi_uldivmod.o)
 .ARM.attributes
                0x00000579       0x34 /Applications/STM32CubeIDE.app/Contents/Eclipse/plugins/com.st.stm32cube.ide.mcu.externaltools.gnu-tools-for-stm32.13.3.rel1.macos64_1.0.0.202411102158/tools/bin/../lib/gcc/arm-none-eabi/13.3.1/thumb/v7e-m+fp/hard/libgcc.a(_udivmoddi4.o)
 .ARM.attributes
                0x000005ad       0x22 /Applications/STM32CubeIDE.app/Contents/Eclipse/plugins/com.st.stm32cube.ide.mcu.externaltools.gnu-tools-for-stm32.13.3.rel1.macos64_1.0.0.202411102158/tools/bin/../lib/gcc/arm-none-eabi/13.3.1/thumb/v7e-m+fp/hard/libgcc.a(_dvmd_tls.o)
 .ARM.attributes
                0x000005cf       0x22 /Applications/STM32CubeIDE.app/Contents/Eclipse/plugins/com.st.stm32cube.ide.mcu.externaltools.gnu-tools-for-stm32.13.3.rel1.macos64_1.0.0.202411102158/tools/bin/../lib/gcc/arm-none-eabi/13.3.1/thumb/v7e-m+fp/hard/crtn.o
OUTPUT(TinyUSB-Test.elf elf32-littlearm)
LOAD linker stubs
LOAD /Applications/STM32CubeIDE.app/Contents/Eclipse/plugins/com.st.stm32cube.ide.mcu.externaltools.gnu-tools-for-stm32.13.3.rel1.macos64_1.0.0.202411102158/tools/bin/../lib/gcc/arm-none-eabi/13.3.1/../../../../arm-none-eabi/lib/thumb/v7e-m+fp/hard/libc.a
LOAD /Applications/STM32CubeIDE.app/Contents/Eclipse/plugins/com.st.stm32cube.ide.mcu.externaltools.gnu-tools-for-stm32.13.3.rel1.macos64_1.0.0.202411102158/tools/bin/../lib/gcc/arm-none-eabi/13.3.1/../../../../arm-none-eabi/lib/thumb/v7e-m+fp/hard/libm.a
LOAD /Applications/STM32CubeIDE.app/Contents/Eclipse/plugins/com.st.stm32cube.ide.mcu.externaltools.gnu-tools-for-stm32.13.3.rel1.macos64_1.0.0.202411102158/tools/bin/../lib/gcc/arm-none-eabi/13.3.1/thumb/v7e-m+fp/hard/libgcc.a

.debug_info     0x00000000    0x1c6a0
 .debug_info    0x00000000      0x381 ./Core/Src/hid.o
 .debug_info    0x00000381     0x1745 ./Core/Src/main.o
 .debug_info    0x00001ac6     0x1236 ./Core/Src/stm32f4xx_hal_msp.o
 .debug_info    0x00002cfc      0x3c7 ./Core/Src/stm32f4xx_it.o
 .debug_info    0x000030c3      0x54a ./Core/Src/system_stm32f4xx.o
 .debug_info    0x0000360d       0x30 ./Core/Startup/startup_stm32f446retx.o
 .debug_info    0x0000363d      0x99a ./Drivers/STM32F4xx_HAL_Driver/Src/stm32f4xx_hal.o
 .debug_info    0x00003fd7      0xdaa ./Drivers/STM32F4xx_HAL_Driver/Src/stm32f4xx_hal_cortex.o
 .debug_info    0x00004d81      0x8e7 ./Drivers/STM32F4xx_HAL_Driver/Src/stm32f4xx_hal_dma.o
 .debug_info    0x00005668      0x70b ./Drivers/STM32F4xx_HAL_Driver/Src/stm32f4xx_hal_gpio.o
 .debug_info    0x00005d73     0x11aa ./Drivers/STM32F4xx_HAL_Driver/Src/stm32f4xx_hal_hcd.o
 .debug_info    0x00006f1d      0x8ff ./Drivers/STM32F4xx_HAL_Driver/Src/stm32f4xx_hal_rcc.o
 .debug_info    0x0000781c      0x960 ./Drivers/STM32F4xx_HAL_Driver/Src/stm32f4xx_hal_rcc_ex.o
 .debug_info    0x0000817c     0x299d ./Drivers/STM32F4xx_HAL_Driver/Src/stm32f4xx_hal_tim.o
 .debug_info    0x0000ab19     0x14db ./Drivers/STM32F4xx_HAL_Driver/Src/stm32f4xx_hal_tim_ex.o
 .debug_info    0x0000bff4     0x19f1 ./Drivers/STM32F4xx_HAL_Driver/Src/stm32f4xx_ll_usb.o
 .debug_info    0x0000d9e5     0x21d2 ./Libs/tinyusb-master/src/class/hid/hid_host.o
 .debug_info    0x0000fbb7     0x13b1 ./Libs/tinyusb-master/src/common/tusb_fifo.o
 .debug_info    0x00010f68     0x3f99 ./Libs/tinyusb-master/src/host/usbh.o
 .debug_info    0x00014f01     0x14d6 ./Libs/tinyusb-master/src/portable/synopsys/dwc2/dwc2_common.o
 .debug_info    0x000163d7     0x4a63 ./Libs/tinyusb-master/src/portable/synopsys/dwc2/hcd_dwc2.o
 .debug_info    0x0001ae3a     0x1866 ./Libs/tinyusb-master/src/tusb.o

.debug_abbrev   0x00000000     0x3d08
 .debug_abbrev  0x00000000      0x19b ./Core/Src/hid.o
 .debug_abbrev  0x0000019b      0x2f2 ./Core/Src/main.o
 .debug_abbrev  0x0000048d      0x24d ./Core/Src/stm32f4xx_hal_msp.o
 .debug_abbrev  0x000006da      0x169 ./Core/Src/stm32f4xx_it.o
 .debug_abbrev  0x00000843      0x11a ./Core/Src/system_stm32f4xx.o
 .debug_abbrev  0x0000095d       0x24 ./Core/Startup/startup_stm32f446retx.o
 .debug_abbrev  0x00000981      0x214 ./Drivers/STM32F4xx_HAL_Driver/Src/stm32f4xx_hal.o
 .debug_abbrev  0x00000b95      0x31d ./Drivers/STM32F4xx_HAL_Driver/Src/stm32f4xx_hal_cortex.o
 .debug_abbrev  0x00000eb2      0x264 ./Drivers/STM32F4xx_HAL_Driver/Src/stm32f4xx_hal_dma.o
 .debug_abbrev  0x00001116      0x1d4 ./Drivers/STM32F4xx_HAL_Driver/Src/stm32f4xx_hal_gpio.o
 .debug_abbrev  0x000012ea      0x296 ./Drivers/STM32F4xx_HAL_Driver/Src/stm32f4xx_hal_hcd.o
 .debug_abbrev  0x00001580      0x2b7 ./Drivers/STM32F4xx_HAL_Driver/Src/stm32f4xx_hal_rcc.o
 .debug_abbrev  0x00001837      0x211 ./Drivers/STM32F4xx_HAL_Driver/Src/stm32f4xx_hal_rcc_ex.o
 .debug_abbrev  0x00001a48      0x278 ./Drivers/STM32F4xx_HAL_Driver/Src/stm32f4xx_hal_tim.o
 .debug_abbrev  0x00001cc0      0x283 ./Drivers/STM32F4xx_HAL_Driver/Src/stm32f4xx_hal_tim_ex.o
 .debug_abbrev  0x00001f43      0x2b3 ./Drivers/STM32F4xx_HAL_Driver/Src/stm32f4xx_ll_usb.o
 .debug_abbrev  0x000021f6      0x548 ./Libs/tinyusb-master/src/class/hid/hid_host.o
 .debug_abbrev  0x0000273e      0x323 ./Libs/tinyusb-master/src/common/tusb_fifo.o
 .debug_abbrev  0x00002a61      0x58b ./Libs/tinyusb-master/src/host/usbh.o
 .debug_abbrev  0x00002fec      0x3ca ./Libs/tinyusb-master/src/portable/synopsys/dwc2/dwc2_common.o
 .debug_abbrev  0x000033b6      0x519 ./Libs/tinyusb-master/src/portable/synopsys/dwc2/hcd_dwc2.o
 .debug_abbrev  0x000038cf      0x439 ./Libs/tinyusb-master/src/tusb.o

.debug_aranges  0x00000000     0x1400
 .debug_aranges
                0x00000000       0x48 ./Core/Src/hid.o
 .debug_aranges
                0x00000048       0x58 ./Core/Src/main.o
 .debug_aranges
                0x000000a0       0x40 ./Core/Src/stm32f4xx_hal_msp.o
 .debug_aranges
                0x000000e0       0x70 ./Core/Src/stm32f4xx_it.o
 .debug_aranges
                0x00000150       0x28 ./Core/Src/system_stm32f4xx.o
 .debug_aranges
                0x00000178       0x28 ./Core/Startup/startup_stm32f446retx.o
 .debug_aranges
                0x000001a0       0xf0 ./Drivers/STM32F4xx_HAL_Driver/Src/stm32f4xx_hal.o
 .debug_aranges
                0x00000290      0x130 ./Drivers/STM32F4xx_HAL_Driver/Src/stm32f4xx_hal_cortex.o
 .debug_aranges
                0x000003c0       0x90 ./Drivers/STM32F4xx_HAL_Driver/Src/stm32f4xx_hal_dma.o
 .debug_aranges
                0x00000450       0x58 ./Drivers/STM32F4xx_HAL_Driver/Src/stm32f4xx_hal_gpio.o
 .debug_aranges
                0x000004a8      0x108 ./Drivers/STM32F4xx_HAL_Driver/Src/stm32f4xx_hal_hcd.o
 .debug_aranges
                0x000005b0       0x88 ./Drivers/STM32F4xx_HAL_Driver/Src/stm32f4xx_hal_rcc.o
 .debug_aranges
                0x00000638       0x78 ./Drivers/STM32F4xx_HAL_Driver/Src/stm32f4xx_hal_rcc_ex.o
 .debug_aranges
                0x000006b0      0x3d0 ./Drivers/STM32F4xx_HAL_Driver/Src/stm32f4xx_hal_tim.o
 .debug_aranges
                0x00000a80      0x168 ./Drivers/STM32F4xx_HAL_Driver/Src/stm32f4xx_hal_tim_ex.o
 .debug_aranges
                0x00000be8      0x1a0 ./Drivers/STM32F4xx_HAL_Driver/Src/stm32f4xx_ll_usb.o
 .debug_aranges
                0x00000d88      0x118 ./Libs/tinyusb-master/src/class/hid/hid_host.o
 .debug_aranges
                0x00000ea0      0x118 ./Libs/tinyusb-master/src/common/tusb_fifo.o
 .debug_aranges
                0x00000fb8      0x208 ./Libs/tinyusb-master/src/host/usbh.o
 .debug_aranges
                0x000011c0       0x68 ./Libs/tinyusb-master/src/portable/synopsys/dwc2/dwc2_common.o
 .debug_aranges
                0x00001228      0x118 ./Libs/tinyusb-master/src/portable/synopsys/dwc2/hcd_dwc2.o
 .debug_aranges
                0x00001340       0xc0 ./Libs/tinyusb-master/src/tusb.o

.debug_rnglists
                0x00000000     0x11a0
 .debug_rnglists
                0x00000000       0x31 ./Core/Src/hid.o
 .debug_rnglists
                0x00000031       0x40 ./Core/Src/main.o
 .debug_rnglists
                0x00000071       0x2d ./Core/Src/stm32f4xx_hal_msp.o
 .debug_rnglists
                0x0000009e       0x4f ./Core/Src/stm32f4xx_it.o
 .debug_rnglists
                0x000000ed       0x1a ./Core/Src/system_stm32f4xx.o
 .debug_rnglists
                0x00000107       0x19 ./Core/Startup/startup_stm32f446retx.o
 .debug_rnglists
                0x00000120       0xaf ./Drivers/STM32F4xx_HAL_Driver/Src/stm32f4xx_hal.o
 .debug_rnglists
                0x000001cf       0xe0 ./Drivers/STM32F4xx_HAL_Driver/Src/stm32f4xx_hal_cortex.o
 .debug_rnglists
                0x000002af       0x70 ./Drivers/STM32F4xx_HAL_Driver/Src/stm32f4xx_hal_dma.o
 .debug_rnglists
                0x0000031f       0x3f ./Drivers/STM32F4xx_HAL_Driver/Src/stm32f4xx_hal_gpio.o
 .debug_rnglists
                0x0000035e       0xca ./Drivers/STM32F4xx_HAL_Driver/Src/stm32f4xx_hal_hcd.o
 .debug_rnglists
                0x00000428       0x66 ./Drivers/STM32F4xx_HAL_Driver/Src/stm32f4xx_hal_rcc.o
 .debug_rnglists
                0x0000048e       0x5e ./Drivers/STM32F4xx_HAL_Driver/Src/stm32f4xx_hal_rcc_ex.o
 .debug_rnglists
                0x000004ec      0x31a ./Drivers/STM32F4xx_HAL_Driver/Src/stm32f4xx_hal_tim.o
 .debug_rnglists
                0x00000806      0x125 ./Drivers/STM32F4xx_HAL_Driver/Src/stm32f4xx_hal_tim_ex.o
 .debug_rnglists
                0x0000092b      0x147 ./Drivers/STM32F4xx_HAL_Driver/Src/stm32f4xx_ll_usb.o
 .debug_rnglists
                0x00000a72       0xe3 ./Libs/tinyusb-master/src/class/hid/hid_host.o
 .debug_rnglists
                0x00000b55       0xd5 ./Libs/tinyusb-master/src/common/tusb_fifo.o
 .debug_rnglists
                0x00000c2a      0x26e ./Libs/tinyusb-master/src/host/usbh.o
 .debug_rnglists
                0x00000e98       0x4e ./Libs/tinyusb-master/src/portable/synopsys/dwc2/dwc2_common.o
 .debug_rnglists
                0x00000ee6      0x20d ./Libs/tinyusb-master/src/portable/synopsys/dwc2/hcd_dwc2.o
 .debug_rnglists
                0x000010f3       0xad ./Libs/tinyusb-master/src/tusb.o

.debug_macro    0x00000000    0x276d6
 .debug_macro   0x00000000      0x3eb ./Core/Src/hid.o
 .debug_macro   0x000003eb      0xad8 ./Core/Src/hid.o
 .debug_macro   0x00000ec3       0x22 ./Core/Src/hid.o
 .debug_macro   0x00000ee5       0x8e ./Core/Src/hid.o
 .debug_macro   0x00000f73       0x51 ./Core/Src/hid.o
 .debug_macro   0x00000fc4      0x103 ./Core/Src/hid.o
 .debug_macro   0x000010c7       0x6a ./Core/Src/hid.o
 .debug_macro   0x00001131      0x1df ./Core/Src/hid.o
 .debug_macro   0x00001310       0x61 ./Core/Src/hid.o
 .debug_macro   0x00001371       0x2a ./Core/Src/hid.o
 .debug_macro   0x0000139b       0x43 ./Core/Src/hid.o
 .debug_macro   0x000013de       0x34 ./Core/Src/hid.o
 .debug_macro   0x00001412      0x190 ./Core/Src/hid.o
 .debug_macro   0x000015a2      0x370 ./Core/Src/hid.o
 .debug_macro   0x00001912       0x16 ./Core/Src/hid.o
 .debug_macro   0x00001928       0x4a ./Core/Src/hid.o
 .debug_macro   0x00001972       0x34 ./Core/Src/hid.o
 .debug_macro   0x000019a6       0x10 ./Core/Src/hid.o
 .debug_macro   0x000019b6       0x58 ./Core/Src/hid.o
 .debug_macro   0x00001a0e       0x8e ./Core/Src/hid.o
 .debug_macro   0x00001a9c       0x1c ./Core/Src/hid.o
 .debug_macro   0x00001ab8      0x185 ./Core/Src/hid.o
 .debug_macro   0x00001c3d       0x10 ./Core/Src/hid.o
 .debug_macro   0x00001c4d       0x3c ./Core/Src/hid.o
 .debug_macro   0x00001c89       0x20 ./Core/Src/hid.o
 .debug_macro   0x00001ca9       0x10 ./Core/Src/hid.o
 .debug_macro   0x00001cb9      0x460 ./Core/Src/hid.o
 .debug_macro   0x00002119       0x22 ./Core/Src/hid.o
 .debug_macro   0x0000213b       0x70 ./Core/Src/hid.o
 .debug_macro   0x000021ab       0x1c ./Core/Src/hid.o
 .debug_macro   0x000021c7       0x10 ./Core/Src/hid.o
 .debug_macro   0x000021d7       0x1c ./Core/Src/hid.o
 .debug_macro   0x000021f3       0x16 ./Core/Src/hid.o
 .debug_macro   0x00002209      0x146 ./Core/Src/hid.o
 .debug_macro   0x0000234f      0x160 ./Core/Src/hid.o
 .debug_macro   0x000024af      0x379 ./Core/Src/hid.o
 .debug_macro   0x00002828       0x64 ./Core/Src/hid.o
 .debug_macro   0x0000288c       0x48 ./Core/Src/hid.o
 .debug_macro   0x000028d4      0x1e0 ./Core/Src/hid.o
 .debug_macro   0x00002ab4       0x46 ./Core/Src/hid.o
 .debug_macro   0x00002afa       0x3c ./Core/Src/hid.o
 .debug_macro   0x00002b36       0xc3 ./Core/Src/hid.o
 .debug_macro   0x00002bf9       0x25 ./Core/Src/hid.o
 .debug_macro   0x00002c1e       0x28 ./Core/Src/hid.o
 .debug_macro   0x00002c46       0x25 ./Core/Src/hid.o
 .debug_macro   0x00002c6b       0x1f ./Core/Src/hid.o
 .debug_macro   0x00002c8a       0x3f ./Core/Src/hid.o
 .debug_macro   0x00002cc9      0x80d ./Core/Src/hid.o
 .debug_macro   0x000034d6       0x16 ./Core/Src/hid.o
 .debug_macro   0x000034ec       0x27 ./Core/Src/hid.o
 .debug_macro   0x00003513      0x29b ./Core/Src/hid.o
 .debug_macro   0x000037ae       0x2e ./Core/Src/hid.o
 .debug_macro   0x000037dc       0x28 ./Core/Src/hid.o
 .debug_macro   0x00003804       0x1c ./Core/Src/hid.o
 .debug_macro   0x00003820       0x22 ./Core/Src/hid.o
 .debug_macro   0x00003842       0xfb ./Core/Src/hid.o
 .debug_macro   0x0000393d     0x1011 ./Core/Src/hid.o
 .debug_macro   0x0000494e      0x11f ./Core/Src/hid.o
 .debug_macro   0x00004a6d    0x1675e ./Core/Src/hid.o
 .debug_macro   0x0001b1cb       0x6d ./Core/Src/hid.o
 .debug_macro   0x0001b238     0x3693 ./Core/Src/hid.o
 .debug_macro   0x0001e8cb       0x56 ./Core/Src/hid.o
 .debug_macro   0x0001e921      0xca5 ./Core/Src/hid.o
 .debug_macro   0x0001f5c6      0x9e9 ./Core/Src/hid.o
 .debug_macro   0x0001ffaf      0x115 ./Core/Src/hid.o
 .debug_macro   0x000200c4      0x1a0 ./Core/Src/hid.o
 .debug_macro   0x00020264       0xa5 ./Core/Src/hid.o
 .debug_macro   0x00020309      0x16d ./Core/Src/hid.o
 .debug_macro   0x00020476      0x287 ./Core/Src/hid.o
 .debug_macro   0x000206fd       0x5f ./Core/Src/hid.o
 .debug_macro   0x0002075c      0x236 ./Core/Src/hid.o
 .debug_macro   0x00020992      0x132 ./Core/Src/hid.o
 .debug_macro   0x00020ac4      0x29c ./Core/Src/hid.o
 .debug_macro   0x00020d60       0x2e ./Core/Src/hid.o
 .debug_macro   0x00020d8e      0x127 ./Core/Src/hid.o
 .debug_macro   0x00020eb5       0xe8 ./Core/Src/hid.o
 .debug_macro   0x00020f9d       0x89 ./Core/Src/hid.o
 .debug_macro   0x00021026      0x8ed ./Core/Src/hid.o
 .debug_macro   0x00021913       0x53 ./Core/Src/hid.o
 .debug_macro   0x00021966      0x293 ./Core/Src/hid.o
 .debug_macro   0x00021bf9       0x98 ./Core/Src/hid.o
 .debug_macro   0x00021c91      0x126 ./Core/Src/hid.o
 .debug_macro   0x00021db7       0x10 ./Core/Src/hid.o
 .debug_macro   0x00021dc7      0x3f4 ./Core/Src/main.o
 .debug_macro   0x000221bb       0x5c ./Core/Src/main.o
 .debug_macro   0x00022217       0x3a ./Core/Src/main.o
 .debug_macro   0x00022251       0x10 ./Core/Src/main.o
 .debug_macro   0x00022261       0x4c ./Core/Src/main.o
 .debug_macro   0x000222ad      0x3f4 ./Core/Src/stm32f4xx_hal_msp.o
 .debug_macro   0x000226a1      0x3fe ./Core/Src/stm32f4xx_it.o
 .debug_macro   0x00022a9f      0x1dd ./Core/Src/system_stm32f4xx.o
 .debug_macro   0x00022c7c      0x23d ./Drivers/STM32F4xx_HAL_Driver/Src/stm32f4xx_hal.o
 .debug_macro   0x00022eb9      0x1dd ./Drivers/STM32F4xx_HAL_Driver/Src/stm32f4xx_hal_cortex.o
 .debug_macro   0x00023096      0x1e3 ./Drivers/STM32F4xx_HAL_Driver/Src/stm32f4xx_hal_dma.o
 .debug_macro   0x00023279      0x1e3 ./Drivers/STM32F4xx_HAL_Driver/Src/stm32f4xx_hal_gpio.o
 .debug_macro   0x0002345c      0x1dd ./Drivers/STM32F4xx_HAL_Driver/Src/stm32f4xx_hal_hcd.o
 .debug_macro   0x00023639      0x201 ./Drivers/STM32F4xx_HAL_Driver/Src/stm32f4xx_hal_rcc.o
 .debug_macro   0x0002383a      0x1dd ./Drivers/STM32F4xx_HAL_Driver/Src/stm32f4xx_hal_rcc_ex.o
 .debug_macro   0x00023a17      0x1de ./Drivers/STM32F4xx_HAL_Driver/Src/stm32f4xx_hal_tim.o
 .debug_macro   0x00023bf5      0x1dd ./Drivers/STM32F4xx_HAL_Driver/Src/stm32f4xx_hal_tim_ex.o
 .debug_macro   0x00023dd2      0x1dd ./Drivers/STM32F4xx_HAL_Driver/Src/stm32f4xx_ll_usb.o
 .debug_macro   0x00023faf      0x265 ./Libs/tinyusb-master/src/class/hid/hid_host.o
 .debug_macro   0x00024214       0x89 ./Libs/tinyusb-master/src/class/hid/hid_host.o
 .debug_macro   0x0002429d      0x119 ./Libs/tinyusb-master/src/class/hid/hid_host.o
 .debug_macro   0x000243b6       0x39 ./Libs/tinyusb-master/src/class/hid/hid_host.o
 .debug_macro   0x000243ef       0x2e ./Libs/tinyusb-master/src/class/hid/hid_host.o
 .debug_macro   0x0002441d       0x10 ./Libs/tinyusb-master/src/class/hid/hid_host.o
 .debug_macro   0x0002442d       0x22 ./Libs/tinyusb-master/src/class/hid/hid_host.o
 .debug_macro   0x0002444f      0x236 ./Libs/tinyusb-master/src/common/tusb_fifo.o
 .debug_macro   0x00024685      0x2af ./Libs/tinyusb-master/src/host/usbh.o
 .debug_macro   0x00024934       0x10 ./Libs/tinyusb-master/src/host/usbh.o
 .debug_macro   0x00024944      0x3d0 ./Libs/tinyusb-master/src/portable/synopsys/dwc2/dwc2_common.o
 .debug_macro   0x00024d14     0x233e ./Libs/tinyusb-master/src/portable/synopsys/dwc2/dwc2_common.o
 .debug_macro   0x00027052       0x30 ./Libs/tinyusb-master/src/portable/synopsys/dwc2/dwc2_common.o
 .debug_macro   0x00027082      0x3dc ./Libs/tinyusb-master/src/portable/synopsys/dwc2/hcd_dwc2.o
 .debug_macro   0x0002745e      0x278 ./Libs/tinyusb-master/src/tusb.o

.debug_line     0x00000000    0x1a05c
 .debug_line    0x00000000      0xc40 ./Core/Src/hid.o
 .debug_line    0x00000c40      0xd29 ./Core/Src/main.o
 .debug_line    0x00001969      0xc7a ./Core/Src/stm32f4xx_hal_msp.o
 .debug_line    0x000025e3      0xc83 ./Core/Src/stm32f4xx_it.o
 .debug_line    0x00003266      0x766 ./Core/Src/system_stm32f4xx.o
 .debug_line    0x000039cc       0x7a ./Core/Startup/startup_stm32f446retx.o
 .debug_line    0x00003a46      0x9e2 ./Drivers/STM32F4xx_HAL_Driver/Src/stm32f4xx_hal.o
 .debug_line    0x00004428      0xcb2 ./Drivers/STM32F4xx_HAL_Driver/Src/stm32f4xx_hal_cortex.o
 .debug_line    0x000050da      0xf4e ./Drivers/STM32F4xx_HAL_Driver/Src/stm32f4xx_hal_dma.o
 .debug_line    0x00006028      0xb26 ./Drivers/STM32F4xx_HAL_Driver/Src/stm32f4xx_hal_gpio.o
 .debug_line    0x00006b4e     0x1573 ./Drivers/STM32F4xx_HAL_Driver/Src/stm32f4xx_hal_hcd.o
 .debug_line    0x000080c1      0xdfd ./Drivers/STM32F4xx_HAL_Driver/Src/stm32f4xx_hal_rcc.o
 .debug_line    0x00008ebe     0x14ae ./Drivers/STM32F4xx_HAL_Driver/Src/stm32f4xx_hal_rcc_ex.o
 .debug_line    0x0000a36c     0x3757 ./Drivers/STM32F4xx_HAL_Driver/Src/stm32f4xx_hal_tim.o
 .debug_line    0x0000dac3     0x1942 ./Drivers/STM32F4xx_HAL_Driver/Src/stm32f4xx_hal_tim_ex.o
 .debug_line    0x0000f405     0x1d04 ./Drivers/STM32F4xx_HAL_Driver/Src/stm32f4xx_ll_usb.o
 .debug_line    0x00011109     0x15c2 ./Libs/tinyusb-master/src/class/hid/hid_host.o
 .debug_line    0x000126cb     0x1192 ./Libs/tinyusb-master/src/common/tusb_fifo.o
 .debug_line    0x0001385d     0x2141 ./Libs/tinyusb-master/src/host/usbh.o
 .debug_line    0x0001599e      0xeb7 ./Libs/tinyusb-master/src/portable/synopsys/dwc2/dwc2_common.o
 .debug_line    0x00016855     0x26ed ./Libs/tinyusb-master/src/portable/synopsys/dwc2/hcd_dwc2.o
 .debug_line    0x00018f42     0x111a ./Libs/tinyusb-master/src/tusb.o

.debug_str      0x00000000    0xe6568
 .debug_str     0x00000000    0xe6568 ./Core/Src/hid.o
                              0xd3fe2 (size before relaxing)
 .debug_str     0x000e6568    0xd54cf ./Core/Src/main.o
 .debug_str     0x000e6568    0xd4dee ./Core/Src/stm32f4xx_hal_msp.o
 .debug_str     0x000e6568    0xd432c ./Core/Src/stm32f4xx_it.o
 .debug_str     0x000e6568    0xc8bd2 ./Core/Src/system_stm32f4xx.o
 .debug_str     0x000e6568       0x88 ./Core/Startup/startup_stm32f446retx.o
 .debug_str     0x000e6568    0xc9797 ./Drivers/STM32F4xx_HAL_Driver/Src/stm32f4xx_hal.o
 .debug_str     0x000e6568    0xc94ee ./Drivers/STM32F4xx_HAL_Driver/Src/stm32f4xx_hal_cortex.o
 .debug_str     0x000e6568    0xc8fc7 ./Drivers/STM32F4xx_HAL_Driver/Src/stm32f4xx_hal_dma.o
 .debug_str     0x000e6568    0xc8d4d ./Drivers/STM32F4xx_HAL_Driver/Src/stm32f4xx_hal_gpio.o
 .debug_str     0x000e6568    0xc94c3 ./Drivers/STM32F4xx_HAL_Driver/Src/stm32f4xx_hal_hcd.o
 .debug_str     0x000e6568    0xc900b ./Drivers/STM32F4xx_HAL_Driver/Src/stm32f4xx_hal_rcc.o
 .debug_str     0x000e6568    0xc903e ./Drivers/STM32F4xx_HAL_Driver/Src/stm32f4xx_hal_rcc_ex.o
 .debug_str     0x000e6568    0xc9f37 ./Drivers/STM32F4xx_HAL_Driver/Src/stm32f4xx_hal_tim.o
 .debug_str     0x000e6568    0xc9743 ./Drivers/STM32F4xx_HAL_Driver/Src/stm32f4xx_hal_tim_ex.o
 .debug_str     0x000e6568    0xc959f ./Drivers/STM32F4xx_HAL_Driver/Src/stm32f4xx_ll_usb.o
 .debug_str     0x000e6568    0x10966 ./Libs/tinyusb-master/src/class/hid/hid_host.o
 .debug_str     0x000e6568     0xc748 ./Libs/tinyusb-master/src/common/tusb_fifo.o
 .debug_str     0x000e6568    0x11521 ./Libs/tinyusb-master/src/host/usbh.o
 .debug_str     0x000e6568    0xddc11 ./Libs/tinyusb-master/src/portable/synopsys/dwc2/dwc2_common.o
 .debug_str     0x000e6568    0xdea1a ./Libs/tinyusb-master/src/portable/synopsys/dwc2/hcd_dwc2.o
 .debug_str     0x000e6568    0x102f9 ./Libs/tinyusb-master/src/tusb.o

.comment        0x00000000       0x43
 .comment       0x00000000       0x43 ./Core/Src/hid.o
                                 0x44 (size before relaxing)
 .comment       0x00000043       0x44 ./Core/Src/main.o
 .comment       0x00000043       0x44 ./Core/Src/stm32f4xx_hal_msp.o
 .comment       0x00000043       0x44 ./Core/Src/stm32f4xx_it.o
 .comment       0x00000043       0x44 ./Core/Src/system_stm32f4xx.o
 .comment       0x00000043       0x44 ./Drivers/STM32F4xx_HAL_Driver/Src/stm32f4xx_hal.o
 .comment       0x00000043       0x44 ./Drivers/STM32F4xx_HAL_Driver/Src/stm32f4xx_hal_cortex.o
 .comment       0x00000043       0x44 ./Drivers/STM32F4xx_HAL_Driver/Src/stm32f4xx_hal_dma.o
 .comment       0x00000043       0x44 ./Drivers/STM32F4xx_HAL_Driver/Src/stm32f4xx_hal_gpio.o
 .comment       0x00000043       0x44 ./Drivers/STM32F4xx_HAL_Driver/Src/stm32f4xx_hal_hcd.o
 .comment       0x00000043       0x44 ./Drivers/STM32F4xx_HAL_Driver/Src/stm32f4xx_hal_rcc.o
 .comment       0x00000043       0x44 ./Drivers/STM32F4xx_HAL_Driver/Src/stm32f4xx_hal_rcc_ex.o
 .comment       0x00000043       0x44 ./Drivers/STM32F4xx_HAL_Driver/Src/stm32f4xx_hal_tim.o
 .comment       0x00000043       0x44 ./Drivers/STM32F4xx_HAL_Driver/Src/stm32f4xx_hal_tim_ex.o
 .comment       0x00000043       0x44 ./Drivers/STM32F4xx_HAL_Driver/Src/stm32f4xx_ll_usb.o
 .comment       0x00000043       0x44 ./Libs/tinyusb-master/src/class/hid/hid_host.o
 .comment       0x00000043       0x44 ./Libs/tinyusb-master/src/common/tusb_fifo.o
 .comment       0x00000043       0x44 ./Libs/tinyusb-master/src/host/usbh.o
 .comment       0x00000043       0x44 ./Libs/tinyusb-master/src/portable/synopsys/dwc2/dwc2_common.o
 .comment       0x00000043       0x44 ./Libs/tinyusb-master/src/portable/synopsys/dwc2/hcd_dwc2.o
 .comment       0x00000043       0x44 ./Libs/tinyusb-master/src/tusb.o

.debug_frame    0x00000000     0x55dc
 .debug_frame   0x00000000       0xec ./Core/Src/hid.o
 .debug_frame   0x000000ec      0x110 ./Core/Src/main.o
 .debug_frame   0x000001fc       0xc8 ./Core/Src/stm32f4xx_hal_msp.o
 .debug_frame   0x000002c4      0x140 ./Core/Src/stm32f4xx_it.o
 .debug_frame   0x00000404       0x58 ./Core/Src/system_stm32f4xx.o
 .debug_frame   0x0000045c      0x374 ./Drivers/STM32F4xx_HAL_Driver/Src/stm32f4xx_hal.o
 .debug_frame   0x000007d0      0x508 ./Drivers/STM32F4xx_HAL_Driver/Src/stm32f4xx_hal_cortex.o
 .debug_frame   0x00000cd8      0x250 ./Drivers/STM32F4xx_HAL_Driver/Src/stm32f4xx_hal_dma.o
 .debug_frame   0x00000f28      0x14c ./Drivers/STM32F4xx_HAL_Driver/Src/stm32f4xx_hal_gpio.o
 .debug_frame   0x00001074      0x498 ./Drivers/STM32F4xx_HAL_Driver/Src/stm32f4xx_hal_hcd.o
 .debug_frame   0x0000150c      0x1f4 ./Drivers/STM32F4xx_HAL_Driver/Src/stm32f4xx_hal_rcc.o
 .debug_frame   0x00001700      0x1e8 ./Drivers/STM32F4xx_HAL_Driver/Src/stm32f4xx_hal_rcc_ex.o
 .debug_frame   0x000018e8     0x11c0 ./Drivers/STM32F4xx_HAL_Driver/Src/stm32f4xx_hal_tim.o
 .debug_frame   0x00002aa8      0x638 ./Drivers/STM32F4xx_HAL_Driver/Src/stm32f4xx_hal_tim_ex.o
 .debug_frame   0x000030e0      0x7c0 ./Drivers/STM32F4xx_HAL_Driver/Src/stm32f4xx_ll_usb.o
 .debug_frame   0x000038a0      0x4d0 ./Libs/tinyusb-master/src/class/hid/hid_host.o
 .debug_frame   0x00003d70      0x4c8 ./Libs/tinyusb-master/src/common/tusb_fifo.o
 .debug_frame   0x00004238      0x924 ./Libs/tinyusb-master/src/host/usbh.o
 .debug_frame   0x00004b5c      0x194 ./Libs/tinyusb-master/src/portable/synopsys/dwc2/dwc2_common.o
 .debug_frame   0x00004cf0      0x4e0 ./Libs/tinyusb-master/src/portable/synopsys/dwc2/hcd_dwc2.o
 .debug_frame   0x000051d0      0x338 ./Libs/tinyusb-master/src/tusb.o
 .debug_frame   0x00005508       0x20 /Applications/STM32CubeIDE.app/Contents/Eclipse/plugins/com.st.stm32cube.ide.mcu.externaltools.gnu-tools-for-stm32.13.3.rel1.macos64_1.0.0.202411102158/tools/bin/../lib/gcc/arm-none-eabi/13.3.1/../../../../arm-none-eabi/lib/thumb/v7e-m+fp/hard/libc_nano.a(libc_a-memset.o)
 .debug_frame   0x00005528       0x2c /Applications/STM32CubeIDE.app/Contents/Eclipse/plugins/com.st.stm32cube.ide.mcu.externaltools.gnu-tools-for-stm32.13.3.rel1.macos64_1.0.0.202411102158/tools/bin/../lib/gcc/arm-none-eabi/13.3.1/../../../../arm-none-eabi/lib/thumb/v7e-m+fp/hard/libc_nano.a(libc_a-init.o)
 .debug_frame   0x00005554       0x28 /Applications/STM32CubeIDE.app/Contents/Eclipse/plugins/com.st.stm32cube.ide.mcu.externaltools.gnu-tools-for-stm32.13.3.rel1.macos64_1.0.0.202411102158/tools/bin/../lib/gcc/arm-none-eabi/13.3.1/../../../../arm-none-eabi/lib/thumb/v7e-m+fp/hard/libc_nano.a(libc_a-memcpy-stub.o)
 .debug_frame   0x0000557c       0x2c /Applications/STM32CubeIDE.app/Contents/Eclipse/plugins/com.st.stm32cube.ide.mcu.externaltools.gnu-tools-for-stm32.13.3.rel1.macos64_1.0.0.202411102158/tools/bin/../lib/gcc/arm-none-eabi/13.3.1/thumb/v7e-m+fp/hard/libgcc.a(_aeabi_uldivmod.o)
 .debug_frame   0x000055a8       0x34 /Applications/STM32CubeIDE.app/Contents/Eclipse/plugins/com.st.stm32cube.ide.mcu.externaltools.gnu-tools-for-stm32.13.3.rel1.macos64_1.0.0.202411102158/tools/bin/../lib/gcc/arm-none-eabi/13.3.1/thumb/v7e-m+fp/hard/libgcc.a(_udivmoddi4.o)

.debug_line_str
                0x00000000       0x6c
 .debug_line_str
                0x00000000       0x6c ./Core/Startup/startup_stm32f446retx.o
